BL51 BANKED LINKER/LOCATER V6.22                                                        03/11/2019  10:41:19  PAGE 1


BL51 BANKED LINKER/LOCATER V6.22, INVOKED BY:
C:\KEIL\C51\BIN\BL51.EXE .\STARTUP.obj, .\main.obj, .\Proc_Data.obj, .\Proc_EXmem.obj, .\Proc_System_Check.obj, .\Proc_S
>> ystem_Initialize.obj, .\Proc_System_Interrupt.obj, .\Proc_System_Tou.obj, .\Drv_E2P_24CXXX.obj, .\Drv_E2P_i2cSoft.obj
>> , .\Drv_EMU_hard.obj, .\Lnk_EMU_Adj.obj, .\Lnk_EMU_handl.obj, .\Drv_ADC.obj, .\Drv_core.obj, .\Drv_GPIO.obj, .\Drv_KE
>> Y_IO.obj, .\Drv_LCD.obj, .\Drv_RTC.obj, .\Drv_TMR.obj, .\Drv_UART.obj, .\Lib_myMath.obj, .\Lib_mySpring.obj, .\Lib_my
>> Timer.obj, .\Api_AdjErr.obj, .\Api_Bill_Record.obj, .\Api_Demand.obj, .\Api_Energy.obj, .\Api_Event.obj, .\Api_LoadPr
>> ofile.obj, .\Api_Measure.obj, .\Api_Triff.obj, .\API_Relay.obj, .\Api_Lcd_Display.obj, .\Api_User_Comm.obj, .\IEC6205
>> 6_21.obj TO DI03B_9811A_V10 RAMSIZE (256) DISABLEWARNING (16) CODE (0X0000-0XFFFE) XDATA (0X0000-0X0F7E)


MEMORY MODEL: LARGE WITH FLOATING POINT ARITHMETIC


INPUT MODULES INCLUDED:
  .\STARTUP.obj (?C_STARTUP)
  .\main.obj (MAIN)
  .\Proc_Data.obj (PROC_DATA)
  .\Proc_EXmem.obj (PROC_EXMEM)
  .\Proc_System_Check.obj (PROC_SYSTEM_CHECK)
  .\Proc_System_Initialize.obj (PROC_SYSTEM_INITIALIZE)
  .\Proc_System_Interrupt.obj (PROC_SYSTEM_INTERRUPT)
  .\Proc_System_Tou.obj (PROC_SYSTEM_TOU)
  .\Drv_E2P_24CXXX.obj (DRV_E2P_24CXXX)
  .\Drv_E2P_i2cSoft.obj (DRV_E2P_I2CSOFT)
  .\Drv_EMU_hard.obj (DRV_EMU_HARD)
  .\Lnk_EMU_Adj.obj (LNK_EMU_ADJ)
  .\Lnk_EMU_handl.obj (LNK_EMU_HANDL)
  .\Drv_ADC.obj (DRV_ADC)
  .\Drv_core.obj (DRV_CORE)
  .\Drv_GPIO.obj (DRV_GPIO)
  .\Drv_KEY_IO.obj (DRV_KEY_IO)
  .\Drv_LCD.obj (DRV_LCD)
  .\Drv_RTC.obj (DRV_RTC)
  .\Drv_TMR.obj (DRV_TMR)
  .\Drv_UART.obj (DRV_UART)
  .\Lib_myMath.obj (LIB_MYMATH)
  .\Lib_mySpring.obj (LIB_MYSPRING)
  .\Lib_myTimer.obj (LIB_MYTIMER)
  .\Api_AdjErr.obj (API_ADJERR)
  .\Api_Bill_Record.obj (API_BILL_RECORD)
  .\Api_Demand.obj (API_DEMAND)
  .\Api_Energy.obj (API_ENERGY)
  .\Api_Event.obj (API_EVENT)
  .\Api_LoadProfile.obj (API_LOADPROFILE)
  .\Api_Measure.obj (API_MEASURE)
  .\Api_Triff.obj (API_TRIFF)
  .\API_Relay.obj (API_RELAY)
  .\Api_Lcd_Display.obj (API_LCD_DISPLAY)
  .\Api_User_Comm.obj (API_USER_COMM)
  .\IEC62056_21.obj (IEC62056_21)
  C:\KEIL\C51\LIB\C51FPL.LIB (?C?FPADD)
  C:\KEIL\C51\LIB\C51FPL.LIB (?C?FPMUL)
  C:\KEIL\C51\LIB\C51FPL.LIB (?C?FPDIV)
  C:\KEIL\C51\LIB\C51FPL.LIB (?C?FPCMP)
  C:\KEIL\C51\LIB\C51FPL.LIB (?C?FCAST)
  C:\KEIL\C51\LIB\C51FPL.LIB (?C?CASTF)
  C:\KEIL\C51\LIB\C51FPL.LIB (ATOF)
  C:\KEIL\C51\LIB\C51FPL.LIB (SQRT)
BL51 BANKED LINKER/LOCATER V6.22                                                      03/11/2019  10:41:19  PAGE 2


  C:\KEIL\C51\LIB\C51FPL.LIB (FLOOR)
  C:\KEIL\C51\LIB\C51FPL.LIB (?C?FPGETOPN)
  C:\KEIL\C51\LIB\C51FPL.LIB (?C?ATOF)
  C:\KEIL\C51\LIB\C51FPL.LIB (?C?FPNEG)
  C:\KEIL\C51\LIB\C51FPL.LIB (?C?FTNPWR)
  C:\KEIL\C51\LIB\C51L.LIB (?C_INIT)
  C:\KEIL\C51\LIB\C51L.LIB (?C?COPY)
  C:\KEIL\C51\LIB\C51L.LIB (?C?CLDPTR)
  C:\KEIL\C51\LIB\C51L.LIB (?C?CLDOPTR)
  C:\KEIL\C51\LIB\C51L.LIB (?C?CILDPTR)
  C:\KEIL\C51\LIB\C51L.LIB (?C?CSTPTR)
  C:\KEIL\C51\LIB\C51L.LIB (?C?CSTOPTR)
  C:\KEIL\C51\LIB\C51L.LIB (?C?IMUL)
  C:\KEIL\C51\LIB\C51L.LIB (?C?UIDIV)
  C:\KEIL\C51\LIB\C51L.LIB (?C?SIDIV)
  C:\KEIL\C51\LIB\C51L.LIB (?C?IILDX)
  C:\KEIL\C51\LIB\C51L.LIB (?C?ILDIX)
  C:\KEIL\C51\LIB\C51L.LIB (?C?ISTPTR)
  C:\KEIL\C51\LIB\C51L.LIB (?C?LMUL)
  C:\KEIL\C51\LIB\C51L.LIB (?C?ULDIV)
  C:\KEIL\C51\LIB\C51L.LIB (?C?SLDIV)
  C:\KEIL\C51\LIB\C51L.LIB (?C?LNOT)
  C:\KEIL\C51\LIB\C51L.LIB (?C?LNEG)
  C:\KEIL\C51\LIB\C51L.LIB (?C?SLCMP)
  C:\KEIL\C51\LIB\C51L.LIB (?C?ULCMP)
  C:\KEIL\C51\LIB\C51L.LIB (?C?ULSHR)
  C:\KEIL\C51\LIB\C51L.LIB (?C?LSHL)
  C:\KEIL\C51\LIB\C51L.LIB (?C?LLDPTR)
  C:\KEIL\C51\LIB\C51L.LIB (?C?LLDXDATA)
  C:\KEIL\C51\LIB\C51L.LIB (?C?LLDCODE)
  C:\KEIL\C51\LIB\C51L.LIB (?C?LLDCODE0)
  C:\KEIL\C51\LIB\C51L.LIB (?C?LSTXDATA)
  C:\KEIL\C51\LIB\C51L.LIB (?C?LSTKXDATA)
  C:\KEIL\C51\LIB\C51L.LIB (?C?OFFXADD)
  C:\KEIL\C51\LIB\C51L.LIB (?C?PLDIXDATA)
  C:\KEIL\C51\LIB\C51L.LIB (?C?PSTXDATA)
  C:\KEIL\C51\LIB\C51L.LIB (?C?PSTPTR)
  C:\KEIL\C51\LIB\C51L.LIB (?C?ICASE)
  C:\KEIL\C51\LIB\C51L.LIB (?C?LCASE)
  C:\KEIL\C51\LIB\C51L.LIB (?C?LIMUL)
  C:\KEIL\C51\LIB\C51L.LIB (ISSPACE)
  C:\KEIL\C51\LIB\C51L.LIB (?C?LLDIDATA)
  C:\KEIL\C51\LIB\C51L.LIB (?C?LLDPDATA)
  C:\KEIL\C51\LIB\C51L.LIB (?C?PSTIDATA)
  C:\KEIL\C51\LIB\C51L.LIB (?C?PSTPDATA)


LINK MAP OF MODULE:  DI03B_9811A_V10 (?C_STARTUP)


            TYPE    BASE      LENGTH    RELOCATION   SEGMENT NAME
            -----------------------------------------------------

            * * * * * * *   D A T A   M E M O R Y   * * * * * * *
            REG     0000H     0008H     ABSOLUTE     "REG BANK 0"
            DATA    0008H     0002H     UNIT         _DATA_GROUP_
                    000AH     0006H                  *** GAP ***
BL51 BANKED LINKER/LOCATER V6.22                                                      03/11/2019  10:41:19  PAGE 3


            REG     0010H     0008H     ABSOLUTE     "REG BANK 2"
                    0018H     0008H                  *** GAP ***
            BIT     0020H.0   0000H.5   UNIT         _BIT_GROUP_
            BIT     0020H.5   0000H.1   UNIT         ?BI?_SOFTADJUST_IB5_PROCESS?LNK_EMU_ADJ
                    0020H.6   0000H.2                *** GAP ***
            IDATA   0021H     0001H     UNIT         ?STACK

            * * * * * * *  X D A T A   M E M O R Y  * * * * * * *
            XDATA   0000H     0238H     UNIT         _XDATA_GROUP_
            XDATA   0238H     0102H     UNIT         ?XD?DRV_UART
            XDATA   033AH     009CH     UNIT         ?XD?_API_PWL_COVER_EVEN_CLASS_RECODE?API_EVENT
            XDATA   03D6H     008FH     UNIT         ?XD?API_DEMAND
            XDATA   0465H     0080H     UNIT         ?XD?API_BILL_RECORD
            XDATA   04E5H     007EH     UNIT         ?XD?API_ENERGY
            XDATA   0563H     004DH     UNIT         ?XD?API_USER_COMM
            XDATA   05B0H     0044H     UNIT         ?XD?LNK_EMU_ADJ
            XDATA   05F4H     003EH     UNIT         ?XD?API_LCD_DISPLAY
            XDATA   0632H     002FH     UNIT         ?XD?HARDWARE_ADJUSTDIV_SUB?LNK_EMU_ADJ
            XDATA   0661H     002EH     UNIT         ?XD?LIB_MYMATH
            XDATA   068FH     0026H     UNIT         ?XD?API_MEASURE
            XDATA   06B5H     001CH     UNIT         ?XD?LNK_GET_EMU_RACTIVE_CONST?LNK_EMU_HANDL
            XDATA   06D1H     0019H     UNIT         ?XD?PROC_SYSTEM_TOU
            XDATA   06EAH     0019H     UNIT         ?XD?API_LOADPROFILE
            XDATA   0703H     0018H     UNIT         ?XD?PROC_DATA
            XDATA   071BH     0015H     UNIT         ?XD?_LNK_GET_EMU_ACTIVEPOWER?LNK_EMU_HANDL
            XDATA   0730H     0014H     UNIT         ?XD?API_HANDL_SETTLE_WHEN_POWERUP?API_BILL_RECORD
            XDATA   0744H     0013H     UNIT         ?XD?_GET_ORIGINAL_POWER?LNK_EMU_ADJ
            XDATA   0757H     0013H     UNIT         ?XD?_GET_ORIGINAL_IRMS?LNK_EMU_ADJ
            XDATA   076AH     0011H     UNIT         ?XD?_LNK_GET_EMU_RACTIVEPOWER?LNK_EMU_HANDL
            XDATA   077BH     000CH     UNIT         ?XD?API_EVENT
            XDATA   0787H     000BH     UNIT         ?XD?LINK_GET_DIS_OBIS_NUM_BUFF?API_LCD_DISPLAY
            XDATA   0792H     000AH     UNIT         ?XD?_SETRTCNORMAL?DRV_RTC
            XDATA   079CH     000AH     UNIT         ?XD?_LIB_ASC_BCD?LIB_MYMATH
            XDATA   07A6H     000AH     UNIT         ?XD?_LIB_BCD_ASC?LIB_MYMATH
            XDATA   07B0H     0009H     UNIT         ?XD?_SOFTADJUST_IB_PROCESS?LNK_EMU_ADJ
            XDATA   07B9H     0009H     UNIT         ?XD?_SOFTADJUST_IB5_PROCESS?LNK_EMU_ADJ
            XDATA   07C2H     0009H     UNIT         ?XD?_SOFTADJUST_PHASE_PROCESS?LNK_EMU_ADJ
            XDATA   07CBH     0007H     UNIT         ?XD?_SETMETERCFGI?DRV_EMU_HARD
            XDATA   07D2H     0007H     UNIT         ?XD?_LIB_GET_DATA_0XFF_ASCLEN?LIB_MYSPRING
            XDATA   07D9H     0006H     UNIT         ?XD?_SETMETERCFGACKPM800K?DRV_EMU_HARD
            XDATA   07DFH     0005H     UNIT         ?XD?PROC_SYSTEM_CHECK
            XDATA   07E4H     0005H     UNIT         ?XD?_LIB_ENOB_GET?LIB_MYMATH
            XDATA   07E9H     0005H     UNIT         ?XD?_LIB_MATH_GET_BCC_CHK?LIB_MYMATH
            XDATA   07EEH     0004H     UNIT         ?XD?API_TRIFF
            XDATA   07F2H     0003H     UNIT         ?XD?LNK_EMU_HANDL
            XDATA   07F5H     0003H     UNIT         ?XD?_LIB_BCD_INC?LIB_MYMATH
            XDATA   07F8H     0003H     UNIT         ?XD?_LIB_BCD_ARRY_ADD1?LIB_MYMATH
            XDATA   07FBH     0003H     UNIT         ?XD?_LIB_MVHALFBYTE_R?LIB_MYSPRING
            XDATA   07FEH     0003H     UNIT         ?XD?_LIB_MVHALFBYTE_L?LIB_MYSPRING
            XDATA   0801H     0003H     UNIT         ?XD?API_RELAY
            XDATA   0804H     0001H     UNIT         ?XD?MAIN
            XDATA   0805H     0001H     UNIT         ?XD?API_ADJERR

            * * * * * * *   C O D E   M E M O R Y   * * * * * * *
            CODE    0000H     0003H     ABSOLUTE     
            CODE    0003H     0003H     ABSOLUTE     
            CODE    0006H     0005H     UNIT         ?PR?START_TIMER?DRV_TMR
BL51 BANKED LINKER/LOCATER V6.22                                                      03/11/2019  10:41:19  PAGE 4


            CODE    000BH     0003H     ABSOLUTE     
            CODE    000EH     0005H     UNIT         ?PR?STOP_TIMER?DRV_TMR
            CODE    0013H     0003H     ABSOLUTE     
            CODE    0016H     0005H     UNIT         ?PR?_GET_ERROR_ANSWER?IEC62056_21
            CODE    001BH     0003H     ABSOLUTE     
            CODE    001EH     000DH     UNIT         ?PR?API_EVEN_DETECT_L2REVERSE?API_EVENT
            CODE    002BH     0003H     ABSOLUTE     
            CODE    002EH     000DH     UNIT         ?PR?API_EVEN_DETECT_L1REVERSE?API_EVENT
            CODE    003BH     0003H     ABSOLUTE     
            CODE    003EH     0005H     UNIT         ?PR?_GET_ACK_ANSWER?IEC62056_21
            CODE    0043H     0003H     ABSOLUTE     
            CODE    0046H     0004H     UNIT         ?PR?INTERRUPT_INT0?PROC_SYSTEM_INTERRUPT
            CODE    004AH     0001H     UNIT         ?PR?PROC_CHECK_SYSTEM_PRE_CYCLE?PROC_SYSTEM_CHECK
            CODE    004BH     0003H     ABSOLUTE     
            CODE    004EH     0004H     UNIT         ?PR?INTERRUPT_INT1?PROC_SYSTEM_INTERRUPT
            CODE    0052H     0001H     UNIT         ?PR?PROC_AUTO_CLRMETER_PRE_SEC?PROC_SYSTEM_TOU
            CODE    0053H     0003H     ABSOLUTE     
            CODE    0056H     0358H     UNIT         ?PR?CAL_TEMPERATURE_DATA?DRV_ADC
            CODE    03AEH     0052H     UNIT         ?PR?_API_CHG_LCDDISPLAY_ADJ_ITEM?API_LCD_DISPLAY
            CODE    0400H     0001H     ABSOLUTE     
            CODE    0401H     01FFH     ABSOLUTE     
            CODE    0600H     0D11H     UNIT         ?PR?_IEC_CMD_READ_DEAL?API_USER_COMM
            CODE    1311H     0A0CH     UNIT         ?C?LIB_CODE
            CODE    1D1DH     08E2H     UNIT         ?PR?_IEC_CMD_WRITE_DEAL?API_USER_COMM
            CODE    25FFH     07F3H     UNIT         ?CO?API_USER_COMM
            CODE    2DF2H     07DDH     UNIT         ?PR?HARDWARE_ADJUSTDIV_SUB?LNK_EMU_ADJ
            CODE    35CFH     0609H     UNIT         ?PR?_LNK_SAVE_EVEN_CLASS1_RECODE?API_EVENT
            CODE    3BD8H     05BEH     UNIT         ?PR?LNK_GET_EMU_RACTIVE_CONST?LNK_EMU_HANDL
            CODE    4196H     0458H     UNIT         ?PR?_PROCESS_IEC62056_21?API_USER_COMM
            CODE    45EEH     0454H     UNIT         ?PR?LINK_GET_DIS_DATA_NUM_BUFF?API_LCD_DISPLAY
            CODE    4A42H     0418H     UNIT         ?PR?_API_PWL_COVER_EVEN_CLASS_RECODE?API_EVENT
            CODE    4E5AH     03E7H     UNIT         ?PR?_API_GET_ENERGY_LCD?API_LCD_DISPLAY
            CODE    5241H     0321H     UNIT         ?PR?LINK_GET_DIS_OBIS_NUM_BUFF?API_LCD_DISPLAY
            CODE    5562H     02DCH     UNIT         ?PR?_MEASURE_ELECTRIC_ERR_GAIN?LNK_EMU_ADJ
            CODE    583EH     0283H     UNIT         ?PR?_LOAD_REC?API_LOADPROFILE
            CODE    5AC1H     0279H     UNIT         ?PR?_INIT_EMU?LNK_EMU_HANDL
            CODE    5D3AH     026EH     UNIT         ?PR?_CALIBRATION_CURRENT?LNK_EMU_ADJ
            CODE    5FA8H     0269H     UNIT         ?PR?API_ACCUM_CURRENT_ENERGY_DATA_PRE_SECOND?API_ENERGY
            CODE    6211H     025EH     UNIT         ?PR?_LPREC_READ_BLOCK?API_LOADPROFILE
            CODE    646FH     0256H     UNIT         ?PR?API_UPDATA_MD_VAR_SLID_PER_MINUTE?API_DEMAND
            CODE    66C5H     0237H     UNIT         ?PR?CHECK_EMU_ADJPARAM?LNK_EMU_ADJ
            CODE    68FCH     0212H     UNIT         ?PR?API_INIT_CURRENT_ENERGY_DATA_RAM?API_ENERGY
            CODE    6B0EH     01FCH     UNIT         ?PR?LINK_GET_DIS_DRV_BUFF?API_LCD_DISPLAY
            CODE    6D0AH     01F5H     UNIT         ?PR?_LNK_GET_EMU_ACTIVEPOWER?LNK_EMU_HANDL
            CODE    6EFFH     01E1H     UNIT         ?PR?API_FREEZE_ENERGY_RAM_PRE_DAY?API_BILL_RECORD
            CODE    70E0H     01D8H     UNIT         ?PR?MEM_DB_CHECK?PROC_EXMEM
            CODE    72B8H     01D8H     UNIT         ?PR?_API_GET_BILL_RECORD_ADDR?API_BILL_RECORD
            CODE    7490H     01D5H     UNIT         ?PR?_SOFTADJUST_PHASE_PROCESS?LNK_EMU_ADJ
            CODE    7665H     01C2H     UNIT         ?PR?PROC_INITIALIZE_INRAM?PROC_SYSTEM_INITIALIZE
            CODE    7827H     01B5H     UNIT         ?PR?_API_CMP_SAVE_MD_DATA?API_DEMAND
            CODE    79DCH     01B3H     UNIT         ?PR?_TX_UART_FRIST?DRV_UART
            CODE    7B8FH     01AFH     UNIT         ?PR?_LNK_GET_EMU_RACTIVEPOWER?LNK_EMU_HANDL
            CODE    7D3EH     01A7H     UNIT         ?PR?_CALIBRATION_SMALL_SIGNAL?LNK_EMU_ADJ
            CODE    7EE5H     01A7H     UNIT         ?PR?LNK_CAL_EMU_CONSTSUM_PER_SECOND?LNK_EMU_HANDL
            CODE    808CH     01A2H     UNIT         ?PR?_API_GET_TRIFF_NO?API_TRIFF
            CODE    822EH     019DH     UNIT         ?PR?_CALCULATESCHZ?LNK_EMU_ADJ
            CODE    83CBH     0193H     UNIT         ?PR?_API_WRITE_BILL_DATA?API_BILL_RECORD
BL51 BANKED LINKER/LOCATER V6.22                                                      03/11/2019  10:41:19  PAGE 5


            CODE    855EH     018EH     UNIT         ?PR?API_HANDL_SETTLE_WHEN_POWERUP?API_BILL_RECORD
            CODE    86ECH     017DH     UNIT         ?PR?_SETRTCNORMAL?DRV_RTC
            CODE    8869H     017BH     UNIT         ?PR?_GET_IEC_COMM_VAR?API_USER_COMM
            CODE    89E4H     016CH     UNIT         ?PR?PROC_JUDGE_POWER_DOWN_PROCESS?PROC_SYSTEM_INITIALIZE
            CODE    8B50H     0169H     UNIT         ?PR?_GET_ORIGINAL_POWER?LNK_EMU_ADJ
            CODE    8CB9H     0169H     UNIT         ?PR?_GET_ORIGINAL_IRMS?LNK_EMU_ADJ
            CODE    8E22H     0168H     UNIT         ?PR?API_MEASURE_DEAL_PRE_SECOND?API_MEASURE
            CODE    8F8AH     0167H     UNIT         ?PR?_LNK_GET_EMU_VOLTAGE?LNK_EMU_HANDL
            CODE    90F1H     0163H     UNIT         ?PR?_API_LCDDISPLAY_ADJ_ITEM?API_LCD_DISPLAY
            CODE    9254H     014BH     UNIT         ?PR?_READMETERPARAACK?DRV_EMU_HARD
            CODE    939FH     0142H     UNIT         ?PR?INTERRUPT_EXINT2?PROC_SYSTEM_INTERRUPT
            CODE    94E1H     0138H     UNIT         ?C_INITSEG
            CODE    9619H     012FH     UNIT         ?PR?API_GET_SEASONTAB_NO?API_TRIFF
            CODE    9748H     012FH     UNIT         ?PR?_IEC_COMM_COMMAND_CMD_JUDGE?IEC62056_21
            CODE    9877H     012DH     UNIT         ?PR?_IEC_COMM_REQUEST_CMD_JUDGE?IEC62056_21
            CODE    99A4H     012CH     UNIT         ?PR?_MEM_DB_WRITE?PROC_EXMEM
            CODE    9AD0H     012BH     UNIT         ?PR?_LNK_GET_EMU_CURRENT?LNK_EMU_HANDL
            CODE    9BFBH     0129H     UNIT         ?PR?API_CLR_EVEN_BY_COMM?API_EVENT
            CODE    9D24H     0124H     UNIT         ?PR?_CALIBRATION_ANGULAR?LNK_EMU_ADJ
            CODE    9E48H     0115H     UNIT         ?PR?PROC_HANDL_TOU_1S?PROC_SYSTEM_TOU
            CODE    9F5DH     0111H     UNIT         ?PR?_SOFTADJUST_IB_PROCESS?LNK_EMU_ADJ
            CODE    A06EH     0110H     UNIT         ?PR?API_CLR_BILL_DATA?API_BILL_RECORD
            CODE    A17EH     0107H     UNIT         ?PR?_API_HANDL_COMM_PRE_10MS?API_USER_COMM
            CODE    A285H     0103H     UNIT         ?PR?_CALCULATEAC?LNK_EMU_ADJ
            CODE    A388H     0101H     UNIT         ?PR?_GET_DEFAULT_MEM_DATA?PROC_EXMEM
            CODE    A489H     00FEH     UNIT         ?PR?_GETTOTALTIME?API_EVENT
            CODE    A587H     00FDH     UNIT         ?PR?TIMEEVENTPROC?LNK_EMU_ADJ
            CODE    A684H     00F7H     UNIT         ?PR?_LINK_GET_DISTAB_VAR?API_LCD_DISPLAY
            CODE    A77BH     00F2H     UNIT         ?PR?_CALCULATESC?LNK_EMU_ADJ
            CODE    A86DH     00F2H     UNIT         ?PR?_GET_UART_RX_BUFF?DRV_UART
            CODE    A95FH     00F0H     UNIT         ?PR?_LIB_CHECK_RTC_DATA_FORM?LIB_MYMATH
            CODE    AA4FH     00F0H     UNIT         ?PR?_IEC_CMD_PASSWORD_DEAL?API_USER_COMM
            CODE    AB3FH     00F0H     UNIT         ?PR?_FLOOR?FLOOR
            CODE    AC2FH     00EFH     UNIT         ?PR?_MEM_TO_MEM?PROC_EXMEM
            CODE    AD1EH     00E6H     UNIT         ?PR??C?ATOF??C?ATOF
            CODE    AE04H     00E5H     UNIT         ?PR?_SET_MCUCLOCK?DRV_CORE
            CODE    AEE9H     00E0H     UNIT         ?PR?_WRITE_LCD?DRV_LCD
            CODE    AFC9H     00DEH     UNIT         ?PR?_HDL_UART_10MS_RUN?DRV_UART
            CODE    B0A7H     00DCH     UNIT         ?PR?_LNK_GET_EMU_FREQ?LNK_EMU_HANDL
            CODE    B183H     00D9H     UNIT         ?PR?_LNK_TX_COMM_READY?API_USER_COMM
            CODE    B25CH     00D7H     UNIT         ?PR?API_CLR_CURRENT_MD_DATA?API_DEMAND
            CODE    B333H     00D6H     UNIT         ?PR?API_UPDATED_LCDDISPLAYITEM_PER_SECOND?API_LCD_DISPLAY
            CODE    B409H     00D4H     UNIT         ?PR?_SOFTADJUST_IB5_PROCESS?LNK_EMU_ADJ
            CODE    B4DDH     00D3H     UNIT         ?PR?API_UPDATED_LCDDISPLAYPIXEL_PER_SECOND?API_LCD_DISPLAY
            CODE    B5B0H     00CBH     UNIT         ?PR?_GET_IEC_COMM_OPERAND_ANSWER?IEC62056_21
            CODE    B67BH     00C9H     UNIT         ?PR?_LIB_BCD4_LONG?LIB_MYMATH
            CODE    B744H     00C7H     UNIT         ?PR?_GET_MEM_CK_DATA?PROC_EXMEM
            CODE    B80BH     00C6H     UNIT         ?PR?LINK_GET_DIS_CHAR_BUFF?API_LCD_DISPLAY
            CODE    B8D1H     00C4H     UNIT         ?PR?_CALIBRATION_POWER?LNK_EMU_ADJ
            CODE    B995H     00C3H     UNIT         ?PR?_API_DEAL_EVEN_CLASS_RECODE?API_EVENT
            CODE    BA58H     00C0H     UNIT         ?PR?_MEM_DB_CLR?PROC_EXMEM
            CODE    BB18H     00B9H     UNIT         ?CO?LNK_EMU_ADJ
            CODE    BBD1H     00B7H     UNIT         ?PR?_LIB_LONG_BCD4?LIB_MYMATH
            CODE    BC88H     00B4H     UNIT         ?PR?_READ_EEPROM_PAGE_SUB?DRV_E2P_24CXXX
            CODE    BD3CH     00B0H     UNIT         ?PR?_SET_EMUCLOCK?DRV_CORE
            CODE    BDECH     00AFH     UNIT         ?PR?MAIN?MAIN
            CODE    BE9BH     00AFH     UNIT         ?PR?PROC_CHECK_PROKEY_PRE_SEC?PROC_SYSTEM_CHECK
BL51 BANKED LINKER/LOCATER V6.22                                                      03/11/2019  10:41:19  PAGE 6


            CODE    BF4AH     00AFH     UNIT         ?PR?_SETMETERCFGI?DRV_EMU_HARD
            CODE    BFF9H     00AFH     UNIT         ?PR?API_CHECK_CURRENT_ENERGY_DATA?API_ENERGY
            CODE    C0A8H     00ADH     UNIT         ?PR?_LIB_REV_COPY_ARRY?LIB_MYSPRING
            CODE    C155H     00ACH     UNIT         ?PR?SQRT?SQRT
            CODE    C201H     00ABH     UNIT         ?PR?_WRITE_EEPROM_PAGE_SUB?DRV_E2P_24CXXX
            CODE    C2ACH     00ABH     UNIT         ?PR?_LPREC_READ_1?API_LOADPROFILE
            CODE    C357H     00A8H     UNIT         ?PR?_INIT_UART_SOFT?DRV_UART
            CODE    C3FFH     00A0H     UNIT         ?PR?_READ_EEPROM?DRV_E2P_24CXXX
            CODE    C49FH     00A0H     UNIT         ?PR?_API_GET_DAYTAB_NO?API_TRIFF
            CODE    C53FH     009EH     UNIT         ?PR?_MEM_FILL?PROC_EXMEM
            CODE    C5DDH     009EH     UNIT         ?PR?_SETMETERCFGACKPM800K?DRV_EMU_HARD
            CODE    C67BH     009EH     UNIT         ?PR?_SETMETERCFGACK?DRV_EMU_HARD
            CODE    C719H     009DH     UNIT         ?PR?_WRITE_EEPROM?DRV_E2P_24CXXX
            CODE    C7B6H     009DH     UNIT         ?PR?_E2P_TXBYTE_I2C?DRV_E2P_I2CSOFT
            CODE    C853H     009BH     UNIT         ?PR?_MEM_WRITE?PROC_EXMEM
            CODE    C8EEH     009AH     UNIT         ?PR?API_HANDL_SETTLE_PER_MINUTE?API_BILL_RECORD
            CODE    C988H     009AH     UNIT         ?CO?API_TRIFF
            CODE    CA22H     0097H     UNIT         ?PR?PROC_GET_CLOCK?PROC_SYSTEM_TOU
            CODE    CAB9H     0097H     UNIT         ?PR?_LIB_GETGMDAY?LIB_MYMATH
            CODE    CB50H     0096H     UNIT         ?PR?DRV_RELAY_POWERUP_CHECK?API_RELAY
            CODE    CBE6H     0094H     UNIT         ?PR?_MEM_READ?PROC_EXMEM
            CODE    CC7AH     0094H     UNIT         ?PR?LOADPRO_REC?API_LOADPROFILE
            CODE    CD0EH     0091H     UNIT         ?PR?_GET_MEM_TABLE_INDEX?PROC_EXMEM
            CODE    CD9FH     008EH     UNIT         ?PR?_E2P_RXBYTE_I2C?DRV_E2P_I2CSOFT
            CODE    CE2DH     008DH     UNIT         ?PR?_WRITE_EEPROM_PAGE?DRV_E2P_24CXXX
            CODE    CEBAH     008CH     UNIT         ?PR?INIT_GPIO_RUN?DRV_GPIO
            CODE    CF46H     0088H     UNIT         ?PR?_GET_IEC_COMM_REQUEST_CMD_ANSWER?IEC62056_21
            CODE    CFCEH     0086H     UNIT         ?C_C51STARTUP
            CODE    D054H     0085H     UNIT         ?PR?API_FREEZE_ENERGY_PRE_DAY?API_BILL_RECORD
            CODE    D0D9H     007BH     UNIT         ?PR?_READ_EEPROM_PAGE?DRV_E2P_24CXXX
            CODE    D154H     007AH     UNIT         ?PR?PROC_INITIALIZE_SYSTERM_NORMAL_MODE?PROC_SYSTEM_INITIALIZE
            CODE    D1CEH     0079H     UNIT         ?PR?_LIB_CMP_TWOARRY?LIB_MYSPRING
            CODE    D247H     0079H     UNIT         ?PR?_LIB_MVHALFBYTE_L?LIB_MYSPRING
            CODE    D2C0H     0078H     UNIT         ?PR?_LIB_BCD_ASC?LIB_MYMATH
            CODE    D338H     0077H     UNIT         ?PR?_LIB_WORD_BCD2?LIB_MYMATH
            CODE    D3AFH     0076H     UNIT         ?PR?SET_SLEEP_OUT?DRV_CORE
            CODE    D425H     0076H     UNIT         ?PR?_SET_UART2_BADU?DRV_UART
            CODE    D49BH     0076H     UNIT         ?PR?_SET_UART4_BADU?DRV_UART
            CODE    D511H     0076H     UNIT         ?PR?_LIB_GET_DATA_0XFF_ASCLEN?LIB_MYSPRING
            CODE    D587H     0074H     UNIT         ?PR?API_UPDATA_MD_VAR_MIN_PER_SECOND?API_DEMAND
            CODE    D5FBH     0074H     UNIT         ?PR?API_CLR_FREEZE_ENERGY?API_DEMAND
            CODE    D66FH     0073H     UNIT         ?PR?PROC_SYS_DATA_INIT?PROC_DATA
            CODE    D6E2H     0071H     UNIT         ?PR?_LIB_ASC_BCDA?LIB_MYMATH
            CODE    D753H     0071H     UNIT         ?PR?_LIB_BCD_ASCA?LIB_MYMATH
            CODE    D7C4H     006EH     UNIT         ?PR?_LIB_ASC_BCD?LIB_MYMATH
            CODE    D832H     006DH     UNIT         ?PR?INIT_LCD?DRV_LCD
            CODE    D89FH     006CH     UNIT         ?CO?PROC_EXMEM
            CODE    D90BH     006CH     UNIT         ?PR?INIT_LOADPRO_PARAM?API_LOADPROFILE
            CODE    D977H     006CH     UNIT         ?PR?_API_HANDL_COMM_FRAME_ERROR?API_USER_COMM
            CODE    D9E3H     006AH     UNIT         ?PR?API_CLR_CURRENT_ENERGY_DATA?API_ENERGY
            CODE    DA4DH     0069H     UNIT         ?PR?_SET_RTCTIME?DRV_RTC
            CODE    DAB6H     0069H     UNIT         ?PR?API_EVEN_EE_ERR?API_EVENT
            CODE    DB1FH     0068H     UNIT         ?PR?API_HANDL_BUTTON_PRE_10MS?PROC_SYSTEM_TOU
            CODE    DB87H     0068H     UNIT         ?PR?LNK_ADD_FAC_ENERGY_PLUSE?API_ENERGY
            CODE    DBEFH     0066H     UNIT         ?PR?INTERRUPT_EXINT3?PROC_SYSTEM_INTERRUPT
            CODE    DC55H     0066H     UNIT         ?CO?API_LCD_DISPLAY
            CODE    DCBBH     0064H     UNIT         ?PR?_IEC_COMM_ACKNOWLEDGEMENT_CMD_JUDGE?IEC62056_21
BL51 BANKED LINKER/LOCATER V6.22                                                      03/11/2019  10:41:19  PAGE 7


            CODE    DD1FH     0061H     UNIT         ?CO?PROC_DATA
            CODE    DD80H     005FH     UNIT         ?PR?_GET_RTCTIME?DRV_RTC
            CODE    DDDFH     005DH     UNIT         ?PR?_LIB_COPY_STR_TWOARRY?LIB_MYSPRING
            CODE    DE3CH     005DH     UNIT         ?PR?_LIB_MVHALFBYTE_R?LIB_MYSPRING
            CODE    DE99H     005CH     UNIT         ?PR?API_UPDATE_TRIFFNO_PRE_MINUTE?API_TRIFF
            CODE    DEF5H     005AH     UNIT         ?PR?INTERRUPT_TIMER0?PROC_SYSTEM_INTERRUPT
            CODE    DF4FH     0057H     UNIT         ?PR?INIT_GPIO_SLEEP?DRV_GPIO
            CODE    DFA6H     0055H     UNIT         ?PR?PROC_CHECK_COVER_PRE_SEC?PROC_SYSTEM_CHECK
            CODE    DFFBH     0055H     UNIT         ?PR?SET_MCUSLEEP?DRV_CORE
            CODE    E050H     0050H     UNIT         ?PR?PROC_HANDLE_WHEN_SYSTERM_RESET?PROC_SYSTEM_INITIALIZE
            CODE    E0A0H     004FH     UNIT         ?PR?UART4_TRANSMIT?DRV_UART
            CODE    E0EFH     004DH     UNIT         ?PR?PROC_DISPLAY_POWER_DOWN_PROCESS?PROC_SYSTEM_INITIALIZE
            CODE    E13CH     004CH     UNIT         ?PR?_LIB_BCD_INC?LIB_MYMATH
            CODE    E188H     004CH     UNIT         ?PR?_LIB_GETGMMIN?LIB_MYMATH
            CODE    E1D4H     004CH     UNIT         ?PR?_LIB_GETGMSEC?LIB_MYMATH
            CODE    E220H     004BH     UNIT         ?PR?LNK_UPDATA_MD_VAR_POWER_PER_SECOND?API_DEMAND
            CODE    E26BH     004AH     UNIT         ?PR?_LIB_GETGMHOUR?LIB_MYMATH
            CODE    E2B5H     0049H     UNIT         ?PR?EN_UART2_RX?DRV_UART
            CODE    E2FEH     0049H     UNIT         ?PR?ATOF?ATOF
            CODE    E347H     0048H     UNIT         ?PR?PROC_SLEEP_WHEN_RESET?PROC_SYSTEM_INITIALIZE
            CODE    E38FH     0047H     UNIT         ?PR?_DRV_RELAY_COMM_CMD_OPERATING?API_RELAY
            CODE    E3D6H     0047H     UNIT         ?PR?API_GET_NEXT_DIS_ITEM?API_LCD_DISPLAY
            CODE    E41DH     0044H     UNIT         ?C?LDIV
            CODE    E461H     0043H     UNIT         ?PR?EN_UART4_RX?DRV_UART
            CODE    E4A4H     0043H     UNIT         ?PR?_LIB_BCD_ARRY_ADD1?LIB_MYMATH
            CODE    E4E7H     0042H     UNIT         ?PR?LOADPRORST?API_LOADPROFILE
            CODE    E529H     0040H     UNIT         ?CO?DRV_ADC
            CODE    E569H     0040H     UNIT         ?PR?RF_COMM_DEAL?API_USER_COMM
            CODE    E5A9H     003EH     UNIT         ?PR?GET_EMU_ADJPARAM?LNK_EMU_ADJ
            CODE    E5E7H     003EH     UNIT         ?PR?API_HANDL_DIS_KEY?API_LCD_DISPLAY
            CODE    E625H     003DH     UNIT         ?PR?_GET_METER_ID_ASCLEN?API_USER_COMM
            CODE    E662H     003CH     UNIT         ?PR?_ENABLE_M_ADC?DRV_ADC
            CODE    E69EH     003CH     UNIT         ?PR?SAMLPE_BATADC?DRV_ADC
            CODE    E6DAH     003BH     UNIT         ?PR?E2P_STOP_I2C?DRV_E2P_I2CSOFT
            CODE    E715H     003BH     UNIT         ?PR?_SETEXTRTC?DRV_RTC
            CODE    E750H     003BH     UNIT         ?PR?_LIB_ATOB?LIB_MYMATH
            CODE    E78BH     003BH     UNIT         ?CO?API_EVENT
            CODE    E7C6H     003AH     UNIT         ?PR?_LIB_FCPYTMEM?LIB_MYSPRING
            CODE    E800H     003AH     UNIT         ?PR?API_INIT_MD_DATA_RAM?API_DEMAND
            CODE    E83AH     0039H     UNIT         ?PR?SAVE_EMU_ADJPARAM?LNK_EMU_ADJ
            CODE    E873H     0038H     UNIT         ?PR?_LIB_ENOB_GET?LIB_MYMATH
            CODE    E8ABH     0038H     UNIT         ?PR?_API_CHECK_DEMAND_PARA?API_DEMAND
            CODE    E8E3H     0038H     UNIT         ?PR?_GET_BCC_CHK?IEC62056_21
            CODE    E91BH     0037H     UNIT         ?PR?E2P_START_I2C?DRV_E2P_I2CSOFT
            CODE    E952H     0036H     UNIT         ?PR?API_MEASURE_VBAT_PRE_MIN?API_MEASURE
            CODE    E988H     0034H     UNIT         ?PR?API_INIT_DISPLAY?API_LCD_DISPLAY
            CODE    E9BCH     0032H     UNIT         ?PR?_LIB_MATH_GET_BCC_CHK?LIB_MYMATH
            CODE    E9EEH     0031H     UNIT         ?PR?PROC_INITIALIZE_SYSTERM_RESET?PROC_SYSTEM_INITIALIZE
            CODE    EA1FH     0031H     UNIT         ?PR?SAMLPE_TEMPERATUREADC?DRV_ADC
            CODE    EA50H     0031H     UNIT         ?PR?_LIB_GET_CSCK_INT16U_NUM?LIB_MYMATH
            CODE    EA81H     002EH     UNIT         ?PR?API_EVEN_DETECT_SEC?API_EVENT
            CODE    EAAFH     002DH     UNIT         ?PR?_IEC_CMD_BREAK_DEAL?API_USER_COMM
            CODE    EADCH     002CH     UNIT         ?PR?INTERRUPT_EXINT4?PROC_SYSTEM_INTERRUPT
            CODE    EB08H     002CH     UNIT         ?PR?DISABLE_M_ADC?DRV_ADC
            CODE    EB34H     002BH     UNIT         ?PR?_LIB_BTOA?LIB_MYMATH
            CODE    EB5FH     002BH     UNIT         ?PR?_LIB_SET_STRING?LIB_MYSPRING
            CODE    EB8AH     0029H     UNIT         ?PR?_LIB_SYSTEMDELAY?LIB_MYTIMER
BL51 BANKED LINKER/LOCATER V6.22                                                      03/11/2019  10:41:19  PAGE 8


            CODE    EBB3H     0028H     UNIT         ?PR?API_MEASURE_RAM_INIT?API_MEASURE
            CODE    EBDBH     0028H     UNIT         ?PR?API_HANDL_DIS_SLEEP?API_LCD_DISPLAY
            CODE    EC03H     0027H     UNIT         ?PR?CLOSE_CF?DRV_EMU_HARD
            CODE    EC2AH     0027H     UNIT         ?PR?_FULL_SEG?DRV_LCD
            CODE    EC51H     0027H     UNIT         ?PR?_LIB_GET_CSCK_INT8U_NUM?LIB_MYMATH
            CODE    EC78H     0027H     UNIT         ?PR?_LIB_BCDCHK?LIB_MYMATH
            CODE    EC9FH     0025H     UNIT         ?PR?PROC_HANDL_TOU_10MS?PROC_SYSTEM_TOU
            CODE    ECC4H     0025H     UNIT         ?PR?_LIB_BCD2_WORD?LIB_MYMATH
            CODE    ECE9H     0025H     UNIT         ?PR?_JUDAGE_MONTH?API_BILL_RECORD
            CODE    ED0EH     0022H     UNIT         ?PR?_LIB_DELAY_SEC?LIB_MYTIMER
            CODE    ED30H     0022H     UNIT         ?PR?LINK_GET_DIS_REALCHAR_BUFF?API_LCD_DISPLAY
            CODE    ED52H     0021H     UNIT         ?PR?_JUDAGE_YEAR?API_BILL_RECORD
            CODE    ED73H     0021H     UNIT         ?PR?API_EVEN_DETECT_NOL2?API_EVENT
            CODE    ED94H     0021H     UNIT         ?PR?API_EVEN_DETECT_NOL1?API_EVENT
            CODE    EDB5H     001EH     UNIT         ?PR?E2P_IIC_INITAIL?DRV_E2P_I2CSOFT
            CODE    EDD3H     001EH     UNIT         ?PR?_LIB_CLR_STRING_U16?LIB_MYSPRING
            CODE    EDF1H     001CH     UNIT         ?PR?CLR_ALL_LCD?DRV_LCD
            CODE    EE0DH     001CH     UNIT         ?PR?_LIB_BYTE_BCD?LIB_MYMATH
            CODE    EE29H     001BH     UNIT         ?PR?CLR_RTC_ADJPARAM?DRV_RTC
            CODE    EE44H     001BH     UNIT         ?PR?_LIB_BCD_BYTE?LIB_MYMATH
            CODE    EE5FH     001BH     UNIT         ?PR?_LIB_CLR_STRING?LIB_MYSPRING
            CODE    EE7AH     001AH     UNIT         ?PR?JUDGE_ERR_ADJ_KEY?DRV_KEY_IO
            CODE    EE94H     001AH     UNIT         ?PR?JUDGE_PG_DN_KEY?DRV_KEY_IO
            CODE    EEAEH     001AH     UNIT         ?PR?JUDGE_MAGN_CHK_KEY?DRV_KEY_IO
            CODE    EEC8H     001AH     UNIT         ?PR?API_MEASURE_TEMPERATURE_PRE_MIN?API_MEASURE
            CODE    EEE2H     0019H     UNIT         ?PR?_LIB_DELAY_MS?LIB_MYTIMER
            CODE    EEFBH     0018H     UNIT         ?PR?CHECKPOWERUP?PROC_SYSTEM_CHECK
            CODE    EF13H     0018H     UNIT         ?PR?JUDGE_MD_CLEAR_KEY?DRV_KEY_IO
            CODE    EF2BH     0018H     UNIT         ?PR?JUDGE_ERR_COVER_KEY?DRV_KEY_IO
            CODE    EF43H     0017H     UNIT         ?PR?INTERRUPT_UART1?PROC_SYSTEM_INTERRUPT
            CODE    EF5AH     0016H     UNIT         ?PR?EN_UART2_TX?DRV_UART
            CODE    EF70H     0016H     UNIT         ?PR?EN_UART4_TX?DRV_UART
            CODE    EF86H     0016H     UNIT         ?PR?_LIB_CHECK_BITNUM?LIB_MYMATH
            CODE    EF9CH     0014H     UNIT         ?PR?PROC_INIT_CHECK_VAR?PROC_SYSTEM_CHECK
            CODE    EFB0H     0014H     UNIT         ?PR?OPENCF?DRV_EMU_HARD
            CODE    EFC4H     0014H     UNIT         ?PR?_ISSPACE?ISSPACE
            CODE    EFD8H     0013H     UNIT         ?PR?SYS_ERR?PROC_SYSTEM_INITIALIZE
            CODE    EFEBH     0013H     UNIT         ?PR?OPEN_SECOUT?DRV_RTC
            CODE    EFFEH     000FH     UNIT         ?PR?INIT_TIMER?DRV_TMR
            CODE    F00DH     000EH     UNIT         ?PR?LCD_ON?DRV_LCD
            CODE    F01BH     000DH     UNIT         ?PR?API_EVEN_DETECT_LOWBATTERY?API_EVENT
            CODE    F028H     000DH     UNIT         ?PR?SECURITYCK?API_USER_COMM
            CODE    F035H     000BH     UNIT         ?PR?INIT_RTC?DRV_RTC
            CODE    F040H     000BH     UNIT         ?PR?_LIB_DELAY_2US?LIB_MYTIMER
            CODE    F04BH     000AH     UNIT         ?PR?INITLIZE_AUTO_CLRMETER_VAR?PROC_SYSTEM_TOU
            CODE    F055H     000AH     UNIT         ?PR?_LIB_DELAY_NOP?LIB_MYTIMER
            CODE    F05FH     0008H     UNIT         ?PR?DIS_UART2_RX?DRV_UART
            CODE    F067H     0008H     UNIT         ?PR?DIS_UART4_RX?DRV_UART
            CODE    F06FH     0008H     UNIT         ?CO?API_BILL_RECORD
            CODE    F077H     0006H     UNIT         ?PR?_INIT_UART2_HARD?DRV_UART
            CODE    F07DH     0006H     UNIT         ?PR?_INIT_UART4_HARD?DRV_UART
            CODE    F083H     0004H     UNIT         ?PR?INTERRUPT_TIMER1?PROC_SYSTEM_INTERRUPT
            CODE    F087H     0004H     UNIT         ?PR?INTERRUPT_TIMER2?PROC_SYSTEM_INTERRUPT
            CODE    F08BH     0003H     UNIT         ?PR?PROC_INIT_TOU_VAR?PROC_SYSTEM_TOU
            CODE    F08EH     0003H     UNIT         ?PR?INIT_EMU_RAM?LNK_EMU_HANDL
            CODE    F091H     0003H     UNIT         ?PR?LCD_OFF?DRV_LCD
            CODE    F094H     0003H     UNIT         ?PR?LNK_ADD_RAC_ENERGY_PLUSE?API_ENERGY
BL51 BANKED LINKER/LOCATER V6.22                                                      03/11/2019  10:41:19  PAGE 9


            CODE    F097H     0003H     UNIT         ?PR?READLPRUNPA?API_LOADPROFILE
            CODE    F09AH     0002H     UNIT         ?PR?API_EVEN_INT?API_EVENT
            CODE    F09CH     0001H     UNIT         ?PR?CLOSE_EMUPWR?DRV_EMU_HARD
            CODE    F09DH     0001H     UNIT         ?PR?HANDL_RTC_ADJ_PER_MINU?DRV_RTC
            CODE    F09EH     0001H     UNIT         ?PR?DRV_RELAY_RUN_CHECK?API_RELAY
            CODE    F09FH     0001H     UNIT         ?PR?API_UPDATED_LED_PER_SECOND?API_LCD_DISPLAY



OVERLAY MAP OF MODULE:   DI03B_9811A_V10 (?C_STARTUP)


SEGMENT                                             BIT_GROUP          DATA_GROUP          XDATA_GROUP
  +--> CALLED SEGMENT                            START    LENGTH     START    LENGTH     START    LENGTH
--------------------------------------------------------------------------------------------------------
?C_C51STARTUP                                    -----    -----      -----    -----      -----    -----
  +--> ?PR?MAIN?MAIN
  +--> ?C_INITSEG

?PR?MAIN?MAIN                                    -----    -----      -----    -----      -----    -----
  +--> ?PR?PROC_INITIALIZE_SYSTERM_RESET?PRO...
  +--> ?PR?CHECKPOWERUP?PROC_SYSTEM_CHECK
  +--> ?PR?PROC_HANDL_TOU_10MS?PROC_SYSTEM_TOU
  +--> ?PR?PROC_JUDGE_POWER_DOWN_PROCESS?PRO...
  +--> ?PR?PROC_HANDL_TOU_1S?PROC_SYSTEM_TOU
  +--> ?PR?API_UPDATED_LCDDISPLAYITEM_PER_SE...
  +--> ?PR?API_CLR_CURRENT_MD_DATA?API_DEMAND
  +--> ?PR?_API_DEAL_EVEN_CLASS_RECODE?API_E...
  +--> ?PR?_FULL_SEG?DRV_LCD

?PR?PROC_INITIALIZE_SYSTERM_RESET?PRO...         -----    -----      -----    -----      -----    -----
  +--> ?PR?PROC_HANDLE_WHEN_SYSTERM_RESET?PR...
  +--> ?PR?CHECKPOWERUP?PROC_SYSTEM_CHECK
  +--> ?PR?_LIB_DELAY_MS?LIB_MYTIMER
  +--> ?PR?PROC_SLEEP_WHEN_RESET?PROC_SYSTEM...
  +--> ?PR?PROC_INITIALIZE_SYSTERM_NORMAL_MO...

?PR?PROC_HANDLE_WHEN_SYSTERM_RESET?PR...         -----    -----      -----    -----      -----    -----
  +--> ?PR?_SET_MCUCLOCK?DRV_CORE
  +--> ?PR?INIT_GPIO_SLEEP?DRV_GPIO
  +--> ?PR?E2P_IIC_INITAIL?DRV_E2P_I2CSOFT
  +--> ?PR?E2P_STOP_I2C?DRV_E2P_I2CSOFT

?PR?_SET_MCUCLOCK?DRV_CORE                       -----    -----      -----    -----      0007H    0005H
  +--> ?PR?SYS_ERR?PROC_SYSTEM_INITIALIZE

?PR?PROC_SLEEP_WHEN_RESET?PROC_SYSTEM...         -----    -----      -----    -----      0000H    0002H
  +--> ?PR?API_MEASURE_RAM_INIT?API_MEASURE
  +--> ?PR?API_INIT_CURRENT_ENERGY_DATA_RAM?...
  +--> ?PR?INIT_LCD?DRV_LCD
  +--> ?PR?API_HANDL_DIS_SLEEP?API_LCD_DISPLAY
  +--> ?PR?INIT_GPIO_SLEEP?DRV_GPIO
  +--> ?PR?_SETEXTRTC?DRV_RTC
  +--> ?PR?SET_MCUSLEEP?DRV_CORE
  +--> ?PR?SYS_ERR?PROC_SYSTEM_INITIALIZE

?PR?API_MEASURE_RAM_INIT?API_MEASURE             -----    -----      -----    -----      -----    -----
BL51 BANKED LINKER/LOCATER V6.22                                                      03/11/2019  10:41:19  PAGE 10


  +--> ?PR?_LIB_SET_STRING?LIB_MYSPRING

?PR?_LIB_SET_STRING?LIB_MYSPRING                 -----    -----      -----    -----      0179H    0006H

?PR?API_INIT_CURRENT_ENERGY_DATA_RAM?...         -----    -----      -----    -----      000DH    0010H
  +--> ?PR?_LIB_SET_STRING?LIB_MYSPRING
  +--> ?PR?API_CHECK_CURRENT_ENERGY_DATA?API...
  +--> ?PR?_MEM_READ?PROC_EXMEM
  +--> ?PR?_LIB_BCD_BYTE?LIB_MYMATH
  +--> ?PR?_JUDAGE_MONTH?API_BILL_RECORD
  +--> ?PR?_API_WRITE_BILL_DATA?API_BILL_RECORD
  +--> ?PR?API_CLR_CURRENT_MD_DATA?API_DEMAND

?PR?API_CHECK_CURRENT_ENERGY_DATA?API...         -----    -----      -----    -----      -----    -----
  +--> ?PR?_LIB_GET_CSCK_INT16U_NUM?LIB_MYMATH
  +--> ?PR?_MEM_READ?PROC_EXMEM
  +--> ?PR?_LIB_COPY_STR_TWOARRY?LIB_MYSPRING

?PR?_LIB_GET_CSCK_INT16U_NUM?LIB_MYMATH          -----    -----      -----    -----      01D3H    0007H

?PR?_MEM_READ?PROC_EXMEM                         -----    -----      -----    -----      01D3H    000BH
  +--> ?PR?_LIB_COPY_STR_TWOARRY?LIB_MYSPRING
  +--> ?PR?_READ_EEPROM?DRV_E2P_24CXXX
  +--> ?PR?SYS_ERR?PROC_SYSTEM_INITIALIZE

?PR?_LIB_COPY_STR_TWOARRY?LIB_MYSPRING           -----    -----      -----    -----      01DEH    0008H

?PR?_READ_EEPROM?DRV_E2P_24CXXX                  -----    -----      -----    -----      01DEH    0008H
  +--> ?PR?_READ_EEPROM_PAGE?DRV_E2P_24CXXX

?PR?_READ_EEPROM_PAGE?DRV_E2P_24CXXX             -----    -----      -----    -----      01E6H    0047H
  +--> ?PR?_READ_EEPROM_PAGE_SUB?DRV_E2P_24CXXX
  +--> ?PR?_LIB_CMP_TWOARRY?LIB_MYSPRING

?PR?_READ_EEPROM_PAGE_SUB?DRV_E2P_24CXXX         -----    -----      -----    -----      022DH    0009H
  +--> ?PR?E2P_STOP_I2C?DRV_E2P_I2CSOFT
  +--> ?PR?E2P_START_I2C?DRV_E2P_I2CSOFT
  +--> ?PR?_E2P_TXBYTE_I2C?DRV_E2P_I2CSOFT
  +--> ?PR?_E2P_RXBYTE_I2C?DRV_E2P_I2CSOFT

?PR?_E2P_TXBYTE_I2C?DRV_E2P_I2CSOFT              -----    -----      0008H    0001H      -----    -----
  +--> ?PR?E2P_STOP_I2C?DRV_E2P_I2CSOFT

?PR?_E2P_RXBYTE_I2C?DRV_E2P_I2CSOFT              -----    -----      0008H    0002H      -----    -----

?PR?_LIB_CMP_TWOARRY?LIB_MYSPRING                -----    -----      -----    -----      022DH    0007H

?PR?_JUDAGE_MONTH?API_BILL_RECORD                -----    -----      -----    -----      -----    -----
  +--> ?PR?_JUDAGE_YEAR?API_BILL_RECORD

?PR?_API_WRITE_BILL_DATA?API_BILL_RECORD         -----    -----      -----    -----      001DH    0073H
  +--> ?PR?_LIB_CLR_STRING?LIB_MYSPRING
  +--> ?CO?API_BILL_RECORD
  +--> ?PR?_MEM_READ?PROC_EXMEM
  +--> ?PR?_MEM_DB_WRITE?PROC_EXMEM
  +--> ?PR?_LIB_COPY_STR_TWOARRY?LIB_MYSPRING
  +--> ?PR?SYS_ERR?PROC_SYSTEM_INITIALIZE
BL51 BANKED LINKER/LOCATER V6.22                                                      03/11/2019  10:41:19  PAGE 11



?PR?_MEM_DB_WRITE?PROC_EXMEM                     -----    -----      -----    -----      0179H    0012H
  +--> ?PR?_GET_MEM_TABLE_INDEX?PROC_EXMEM
  +--> ?PR?SYS_ERR?PROC_SYSTEM_INITIALIZE
  +--> ?CO?PROC_EXMEM
  +--> ?PR?_MEM_WRITE?PROC_EXMEM
  +--> ?PR?_GET_MEM_CK_DATA?PROC_EXMEM

?PR?_GET_MEM_TABLE_INDEX?PROC_EXMEM              -----    -----      -----    -----      018BH    0004H
  +--> ?CO?PROC_EXMEM

?PR?_MEM_WRITE?PROC_EXMEM                        -----    -----      -----    -----      018BH    0008H
  +--> ?PR?_LIB_COPY_STR_TWOARRY?LIB_MYSPRING
  +--> ?PR?_WRITE_EEPROM?DRV_E2P_24CXXX
  +--> ?PR?SYS_ERR?PROC_SYSTEM_INITIALIZE

?PR?_WRITE_EEPROM?DRV_E2P_24CXXX                 -----    -----      -----    -----      0193H    0008H
  +--> ?PR?_WRITE_EEPROM_PAGE?DRV_E2P_24CXXX

?PR?_WRITE_EEPROM_PAGE?DRV_E2P_24CXXX            -----    -----      -----    -----      019BH    0047H
  +--> ?PR?SYS_ERR?PROC_SYSTEM_INITIALIZE
  +--> ?PR?_WRITE_EEPROM_PAGE_SUB?DRV_E2P_24...
  +--> ?PR?_READ_EEPROM_PAGE_SUB?DRV_E2P_24CXXX
  +--> ?PR?_LIB_CMP_TWOARRY?LIB_MYSPRING

?PR?_WRITE_EEPROM_PAGE_SUB?DRV_E2P_24...         -----    -----      -----    -----      01E2H    0009H
  +--> ?PR?E2P_STOP_I2C?DRV_E2P_I2CSOFT
  +--> ?PR?E2P_START_I2C?DRV_E2P_I2CSOFT
  +--> ?PR?_E2P_TXBYTE_I2C?DRV_E2P_I2CSOFT
  +--> ?PR?_LIB_DELAY_MS?LIB_MYTIMER

?PR?_GET_MEM_CK_DATA?PROC_EXMEM                  -----    -----      -----    -----      018BH    0048H
  +--> ?PR?_MEM_READ?PROC_EXMEM
  +--> ?PR?_LIB_GET_CSCK_INT16U_NUM?LIB_MYMATH

?PR?API_CLR_CURRENT_MD_DATA?API_DEMAND           -----    -----      -----    -----      0095H    0038H
  +--> ?PR?_MEM_READ?PROC_EXMEM
  +--> ?PR?_MEM_WRITE?PROC_EXMEM
  +--> ?PR?_LIB_CLR_STRING?LIB_MYSPRING
  +--> ?PR?_MEM_DB_WRITE?PROC_EXMEM
  +--> ?PR?_LIB_SET_STRING?LIB_MYSPRING

?PR?INIT_LCD?DRV_LCD                             -----    -----      -----    -----      -----    -----
  +--> ?PR?LCD_ON?DRV_LCD

?PR?API_HANDL_DIS_SLEEP?API_LCD_DISPLAY          -----    -----      -----    -----      -----    -----
  +--> ?PR?_MEM_READ?PROC_EXMEM
  +--> ?PR?API_UPDATED_LCDDISPLAYPIXEL_PER_S...

?PR?API_UPDATED_LCDDISPLAYPIXEL_PER_S...         -----    -----      -----    -----      -----    -----
  +--> ?PR?_LIB_SET_STRING?LIB_MYSPRING
  +--> ?PR?_API_LCDDISPLAY_ADJ_ITEM?API_LCD_...
  +--> ?PR?LINK_GET_DIS_DATA_NUM_BUFF?API_LC...
  +--> ?PR?LINK_GET_DIS_CHAR_BUFF?API_LCD_DI...
  +--> ?PR?LINK_GET_DIS_REALCHAR_BUFF?API_LC...
  +--> ?PR?LINK_GET_DIS_DRV_BUFF?API_LCD_DIS...
  +--> ?PR?_LINK_GET_DISTAB_VAR?API_LCD_DISPLAY
BL51 BANKED LINKER/LOCATER V6.22                                                      03/11/2019  10:41:19  PAGE 12


  +--> ?PR?_WRITE_LCD?DRV_LCD

?PR?_API_LCDDISPLAY_ADJ_ITEM?API_LCD_...         -----    -----      -----    -----      0007H    0007H
  +--> ?PR?_LIB_SET_STRING?LIB_MYSPRING
  +--> ?CO?API_LCD_DISPLAY
  +--> ?PR?_MEM_READ?PROC_EXMEM
  +--> ?PR?SYS_ERR?PROC_SYSTEM_INITIALIZE

?PR?LINK_GET_DIS_DATA_NUM_BUFF?API_LC...         -----    -----      -----    -----      0007H    001AH
  +--> ?PR?_GET_RTCTIME?DRV_RTC
  +--> ?CO?API_LCD_DISPLAY
  +--> ?PR?_MEM_READ?PROC_EXMEM
  +--> ?PR?_API_GET_ENERGY_LCD?API_LCD_DISPLAY
  +--> ?PR?_LIB_LONG_BCD4?LIB_MYMATH

?PR?_GET_RTCTIME?DRV_RTC                         -----    -----      -----    -----      0021H    0004H
  +--> ?PR?_LIB_DELAY_2US?LIB_MYTIMER

?PR?_API_GET_ENERGY_LCD?API_LCD_DISPLAY          -----    -----      -----    -----      00E8H    0015H
  +--> ?PR?_LIB_COPY_STR_TWOARRY?LIB_MYSPRING
  +--> ?PR?_LIB_LONG_BCD4?LIB_MYMATH
  +--> ?PR?_LIB_BYTE_BCD?LIB_MYMATH

?PR?_LIB_LONG_BCD4?LIB_MYMATH                    -----    -----      -----    -----      00FDH    0007H
  +--> ?PR?_LIB_WORD_BCD2?LIB_MYMATH

?PR?_LIB_WORD_BCD2?LIB_MYMATH                    -----    -----      -----    -----      0104H    0005H
  +--> ?PR?_LIB_BYTE_BCD?LIB_MYMATH

?PR?_LINK_GET_DISTAB_VAR?API_LCD_DISPLAY         -----    -----      -----    -----      -----    -----
  +--> ?CO?API_LCD_DISPLAY

?PR?_SETEXTRTC?DRV_RTC                           -----    -----      -----    -----      0007H    0002H
  +--> ?PR?_LIB_DELAY_2US?LIB_MYTIMER

?PR?SET_MCUSLEEP?DRV_CORE                        -----    -----      -----    -----      0007H    0001H
  +--> ?PR?SYS_ERR?PROC_SYSTEM_INITIALIZE
  +--> ?PR?_LIB_DELAY_2US?LIB_MYTIMER

?PR?PROC_INITIALIZE_SYSTERM_NORMAL_MO...         -----    -----      -----    -----      -----    -----
  +--> ?PR?_SET_MCUCLOCK?DRV_CORE
  +--> ?PR?INIT_GPIO_RUN?DRV_GPIO
  +--> ?PR?INIT_LCD?DRV_LCD
  +--> ?PR?_FULL_SEG?DRV_LCD
  +--> ?PR?PROC_INITIALIZE_INRAM?PROC_SYSTEM...
  +--> ?PR?INIT_TIMER?DRV_TMR
  +--> ?PR?_API_HANDL_COMM_FRAME_ERROR?API_U...
  +--> ?PR?INIT_RTC?DRV_RTC
  +--> ?PR?_INIT_EMU?LNK_EMU_HANDL
  +--> ?PR?CHECK_EMU_ADJPARAM?LNK_EMU_ADJ
  +--> ?PR?_LIB_SET_STRING?LIB_MYSPRING
  +--> ?PR?_API_DEAL_EVEN_CLASS_RECODE?API_E...

?PR?PROC_INITIALIZE_INRAM?PROC_SYSTEM...         -----    -----      -----    -----      0000H    000DH
  +--> ?PR?_MEM_READ?PROC_EXMEM
  +--> ?PR?API_FREEZE_ENERGY_PRE_DAY?API_BIL...
  +--> ?PR?_MEM_FILL?PROC_EXMEM
BL51 BANKED LINKER/LOCATER V6.22                                                      03/11/2019  10:41:19  PAGE 13


  +--> ?PR?_MEM_DB_CLR?PROC_EXMEM
  +--> ?PR?MEM_DB_CHECK?PROC_EXMEM
  +--> ?PR?PROC_SYS_DATA_INIT?PROC_DATA
  +--> ?PR?PROC_INIT_CHECK_VAR?PROC_SYSTEM_C...
  +--> ?PR?INIT_EMU_RAM?LNK_EMU_HANDL
  +--> ?PR?PROC_INIT_TOU_VAR?PROC_SYSTEM_TOU
  +--> ?PR?INIT_LOADPRO_PARAM?API_LOADPROFILE
  +--> ?PR?API_INIT_MD_DATA_RAM?API_DEMAND
  +--> ?PR?API_INIT_CURRENT_ENERGY_DATA_RAM?...
  +--> ?PR?API_MEASURE_RAM_INIT?API_MEASURE
  +--> ?PR?API_MEASURE_VBAT_PRE_MIN?API_MEASURE
  +--> ?PR?API_MEASURE_TEMPERATURE_PRE_MIN?A...
  +--> ?PR?API_UPDATE_TRIFFNO_PRE_MINUTE?API...
  +--> ?PR?_API_WRITE_BILL_DATA?API_BILL_RECORD
  +--> ?PR?API_CLR_CURRENT_MD_DATA?API_DEMAND
  +--> ?PR?API_INIT_DISPLAY?API_LCD_DISPLAY

?PR?API_FREEZE_ENERGY_PRE_DAY?API_BIL...         -----    -----      -----    -----      -----    -----
  +--> ?PR?_MEM_WRITE?PROC_EXMEM
  +--> ?PR?_API_WRITE_BILL_DATA?API_BILL_RECORD
  +--> ?PR?API_CLR_CURRENT_MD_DATA?API_DEMAND

?PR?_MEM_FILL?PROC_EXMEM                         -----    -----      -----    -----      007AH    0047H
  +--> ?PR?_LIB_SET_STRING?LIB_MYSPRING
  +--> ?PR?_MEM_WRITE?PROC_EXMEM

?PR?_MEM_DB_CLR?PROC_EXMEM                       -----    -----      -----    -----      0095H    0007H
  +--> ?CO?PROC_EXMEM
  +--> ?PR?_MEM_WRITE?PROC_EXMEM

?PR?MEM_DB_CHECK?PROC_EXMEM                      -----    -----      -----    -----      000DH    000DH
  +--> ?CO?PROC_EXMEM
  +--> ?PR?_GET_MEM_CK_DATA?PROC_EXMEM
  +--> ?PR?_MEM_READ?PROC_EXMEM
  +--> ?PR?_MEM_TO_MEM?PROC_EXMEM
  +--> ?PR?_GET_DEFAULT_MEM_DATA?PROC_EXMEM
  +--> ?PR?_MEM_WRITE?PROC_EXMEM
  +--> ?PR?SYS_ERR?PROC_SYSTEM_INITIALIZE

?PR?_MEM_TO_MEM?PROC_EXMEM                       -----    -----      -----    -----      001AH    0048H
  +--> ?PR?_MEM_READ?PROC_EXMEM
  +--> ?PR?_MEM_WRITE?PROC_EXMEM

?PR?_GET_DEFAULT_MEM_DATA?PROC_EXMEM             -----    -----      -----    -----      001AH    0004H
  +--> ?CO?PROC_EXMEM
  +--> ?CO?PROC_DATA
  +--> ?CO?API_LCD_DISPLAY
  +--> ?CO?LNK_EMU_ADJ
  +--> ?CO?API_TRIFF
  +--> ?PR?_MEM_WRITE?PROC_EXMEM
  +--> ?PR?_MEM_FILL?PROC_EXMEM

?PR?PROC_SYS_DATA_INIT?PROC_DATA                 -----    -----      -----    -----      -----    -----
  +--> ?PR?_MEM_READ?PROC_EXMEM

?PR?PROC_INIT_CHECK_VAR?PROC_SYSTEM_C...         -----    -----      -----    -----      -----    -----
  +--> ?PR?_LIB_SET_STRING?LIB_MYSPRING
BL51 BANKED LINKER/LOCATER V6.22                                                      03/11/2019  10:41:19  PAGE 14



?PR?INIT_EMU_RAM?LNK_EMU_HANDL                   -----    -----      -----    -----      -----    -----
  +--> ?PR?GET_EMU_ADJPARAM?LNK_EMU_ADJ

?PR?GET_EMU_ADJPARAM?LNK_EMU_ADJ                 -----    -----      -----    -----      -----    -----
  +--> ?PR?_LIB_GET_CSCK_INT16U_NUM?LIB_MYMATH
  +--> ?PR?_MEM_READ?PROC_EXMEM

?PR?PROC_INIT_TOU_VAR?PROC_SYSTEM_TOU            -----    -----      -----    -----      -----    -----
  +--> ?PR?PROC_GET_CLOCK?PROC_SYSTEM_TOU

?PR?PROC_GET_CLOCK?PROC_SYSTEM_TOU               -----    -----      -----    -----      000DH    0007H
  +--> ?PR?_GET_RTCTIME?DRV_RTC
  +--> ?PR?_LIB_CHECK_RTC_DATA_FORM?LIB_MYMATH
  +--> ?PR?_MEM_READ?PROC_EXMEM
  +--> ?PR?_MEM_DB_WRITE?PROC_EXMEM
  +--> ?PR?_SET_RTCTIME?DRV_RTC
  +--> ?PR?_LIB_COPY_STR_TWOARRY?LIB_MYSPRING

?PR?_LIB_CHECK_RTC_DATA_FORM?LIB_MYMATH          -----    -----      -----    -----      -----    -----
  +--> ?PR?_LIB_BCD_BYTE?LIB_MYMATH
  +--> ?PR?_LIB_BYTE_BCD?LIB_MYMATH

?PR?_SET_RTCTIME?DRV_RTC                         -----    -----      -----    -----      0095H    0003H
  +--> ?PR?_LIB_DELAY_2US?LIB_MYTIMER

?PR?INIT_LOADPRO_PARAM?API_LOADPROFILE           -----    -----      -----    -----      -----    -----
  +--> ?PR?_MEM_READ?PROC_EXMEM

?PR?API_INIT_MD_DATA_RAM?API_DEMAND              -----    -----      -----    -----      -----    -----
  +--> ?PR?_MEM_READ?PROC_EXMEM
  +--> ?PR?_API_CHECK_DEMAND_PARA?API_DEMAND
  +--> ?PR?_LIB_SET_STRING?LIB_MYSPRING

?PR?API_MEASURE_VBAT_PRE_MIN?API_MEASURE         -----    -----      -----    -----      -----    -----
  +--> ?PR?SAMLPE_BATADC?DRV_ADC

?PR?SAMLPE_BATADC?DRV_ADC                        -----    -----      -----    -----      -----    -----
  +--> ?PR?_ENABLE_M_ADC?DRV_ADC
  +--> ?PR?_LIB_DELAY_MS?LIB_MYTIMER
  +--> ?PR?_READMETERPARAACK?DRV_EMU_HARD

?PR?_ENABLE_M_ADC?DRV_ADC                        -----    -----      -----    -----      -----    -----
  +--> ?PR?_READMETERPARAACK?DRV_EMU_HARD
  +--> ?PR?_SETMETERCFGACK?DRV_EMU_HARD

?PR?_READMETERPARAACK?DRV_EMU_HARD               -----    -----      0008H    0001H      00C8H    0008H

?PR?_SETMETERCFGACK?DRV_EMU_HARD                 -----    -----      -----    -----      00C8H    0006H

?PR?API_MEASURE_TEMPERATURE_PRE_MIN?A...         -----    -----      -----    -----      -----    -----
  +--> ?PR?_ENABLE_M_ADC?DRV_ADC
  +--> ?PR?_LIB_DELAY_MS?LIB_MYTIMER
  +--> ?PR?SAMLPE_TEMPERATUREADC?DRV_ADC
  +--> ?PR?DISABLE_M_ADC?DRV_ADC

?PR?SAMLPE_TEMPERATUREADC?DRV_ADC                -----    -----      -----    -----      000DH    0004H
BL51 BANKED LINKER/LOCATER V6.22                                                      03/11/2019  10:41:19  PAGE 15


  +--> ?PR?_ENABLE_M_ADC?DRV_ADC
  +--> ?PR?_LIB_DELAY_MS?LIB_MYTIMER
  +--> ?PR?CAL_TEMPERATURE_DATA?DRV_ADC

?PR?CAL_TEMPERATURE_DATA?DRV_ADC                 -----    -----      -----    -----      0011H    0027H
  +--> ?PR?_LIB_FCPYTMEM?LIB_MYSPRING
  +--> ?PR?_LIB_GET_CSCK_INT8U_NUM?LIB_MYMATH
  +--> ?PR?_LIB_REV_COPY_ARRY?LIB_MYSPRING
  +--> ?PR?_READMETERPARAACK?DRV_EMU_HARD
  +--> ?CO?DRV_ADC
  +--> ?PR?SQRT?SQRT

?PR?_LIB_FCPYTMEM?LIB_MYSPRING                   -----    -----      -----    -----      0038H    0004H

?PR?_LIB_GET_CSCK_INT8U_NUM?LIB_MYMATH           -----    -----      -----    -----      0038H    0006H

?PR?_LIB_REV_COPY_ARRY?LIB_MYSPRING              -----    -----      -----    -----      0038H    0006H

?PR?SQRT?SQRT                                    -----    -----      -----    -----      0038H    0004H

?PR?DISABLE_M_ADC?DRV_ADC                        -----    -----      -----    -----      -----    -----
  +--> ?PR?_READMETERPARAACK?DRV_EMU_HARD
  +--> ?PR?_SETMETERCFGACK?DRV_EMU_HARD

?PR?API_UPDATE_TRIFFNO_PRE_MINUTE?API...         -----    -----      -----    -----      0095H    0001H
  +--> ?PR?API_GET_SEASONTAB_NO?API_TRIFF
  +--> ?PR?_API_GET_DAYTAB_NO?API_TRIFF
  +--> ?PR?_API_GET_TRIFF_NO?API_TRIFF

?PR?API_GET_SEASONTAB_NO?API_TRIFF               -----    -----      -----    -----      0096H    0018H
  +--> ?PR?_MEM_READ?PROC_EXMEM

?PR?_API_GET_DAYTAB_NO?API_TRIFF                 -----    -----      -----    -----      0096H    0008H
  +--> ?PR?_MEM_READ?PROC_EXMEM
  +--> ?PR?SYS_ERR?PROC_SYSTEM_INITIALIZE

?PR?_API_GET_TRIFF_NO?API_TRIFF                  -----    -----      -----    -----      0096H    001BH
  +--> ?PR?_MEM_READ?PROC_EXMEM
  +--> ?PR?_LIB_BCDCHK?LIB_MYMATH

?PR?API_INIT_DISPLAY?API_LCD_DISPLAY             -----    -----      -----    -----      -----    -----
  +--> ?PR?_MEM_READ?PROC_EXMEM

?PR?INIT_TIMER?DRV_TMR                           -----    -----      -----    -----      -----    -----
  +--> ?PR?START_TIMER?DRV_TMR

?PR?_API_HANDL_COMM_FRAME_ERROR?API_U...         -----    -----      -----    -----      0038H    0001H
  +--> ?PR?_LIB_CLR_STRING?LIB_MYSPRING
  +--> ?PR?_INIT_UART4_HARD?DRV_UART
  +--> ?PR?_INIT_UART_SOFT?DRV_UART
  +--> ?PR?_LIB_SET_STRING?LIB_MYSPRING

?PR?_INIT_UART4_HARD?DRV_UART                    -----    -----      -----    -----      -----    -----
  +--> ?PR?_SET_UART4_BADU?DRV_UART
  +--> ?PR?EN_UART4_RX?DRV_UART

?PR?_INIT_EMU?LNK_EMU_HANDL                      -----    -----      -----    -----      0000H    0001H
BL51 BANKED LINKER/LOCATER V6.22                                                      03/11/2019  10:41:19  PAGE 16


  +--> ?PR?_SETMETERCFGACK?DRV_EMU_HARD
  +--> ?PR?_SET_EMUCLOCK?DRV_CORE
  +--> ?PR?SYS_ERR?PROC_SYSTEM_INITIALIZE

?PR?_SET_EMUCLOCK?DRV_CORE                       -----    -----      -----    -----      0001H    0005H
  +--> ?PR?SYS_ERR?PROC_SYSTEM_INITIALIZE

?PR?CHECK_EMU_ADJPARAM?LNK_EMU_ADJ               -----    -----      -----    -----      00B3H    0015H
  +--> ?PR?GET_EMU_ADJPARAM?LNK_EMU_ADJ
  +--> ?PR?_MEM_READ?PROC_EXMEM
  +--> ?PR?_SETMETERCFGACK?DRV_EMU_HARD
  +--> ?CO?LNK_EMU_ADJ
  +--> ?PR?_READMETERPARAACK?DRV_EMU_HARD

?PR?_API_DEAL_EVEN_CLASS_RECODE?API_E...         -----    -----      -----    -----      0095H    0005H
  +--> ?CO?API_EVENT
  +--> ?PR?_LNK_SAVE_EVEN_CLASS1_RECODE?API_...

?PR?_LNK_SAVE_EVEN_CLASS1_RECODE?API_...         -----    -----      -----    -----      009AH    00DFH
  +--> ?PR?_MEM_READ?PROC_EXMEM
  +--> ?PR?_LIB_COPY_STR_TWOARRY?LIB_MYSPRING
  +--> ?PR?_LIB_GET_CSCK_INT16U_NUM?LIB_MYMATH
  +--> ?CO?API_EVENT
  +--> ?PR?_MEM_DB_WRITE?PROC_EXMEM
  +--> ?PR?_LIB_SET_STRING?LIB_MYSPRING
  +--> ?PR?_GETTOTALTIME?API_EVENT
  +--> ?PR?_MEM_WRITE?PROC_EXMEM

?PR?_GETTOTALTIME?API_EVENT                      -----    -----      -----    -----      0179H    000BH
  +--> ?PR?_LIB_GETGMSEC?LIB_MYMATH
  +--> ?PR?_LIB_COPY_STR_TWOARRY?LIB_MYSPRING

?PR?_LIB_GETGMSEC?LIB_MYMATH                     -----    -----      -----    -----      0184H    0003H
  +--> ?PR?_LIB_GETGMMIN?LIB_MYMATH
  +--> ?PR?_LIB_BCD_BYTE?LIB_MYMATH

?PR?_LIB_GETGMMIN?LIB_MYMATH                     -----    -----      -----    -----      0187H    0003H
  +--> ?PR?_LIB_GETGMHOUR?LIB_MYMATH
  +--> ?PR?_LIB_BCD_BYTE?LIB_MYMATH

?PR?_LIB_GETGMHOUR?LIB_MYMATH                    -----    -----      -----    -----      018AH    0003H
  +--> ?PR?_LIB_GETGMDAY?LIB_MYMATH
  +--> ?PR?_LIB_BCD_BYTE?LIB_MYMATH

?PR?_LIB_GETGMDAY?LIB_MYMATH                     -----    -----      -----    -----      018DH    0004H
  +--> ?PR?_LIB_BCD_BYTE?LIB_MYMATH

?PR?PROC_HANDL_TOU_10MS?PROC_SYSTEM_TOU          -----    -----      -----    -----      0000H    0001H
  +--> ?PR?_HDL_UART_10MS_RUN?DRV_UART
  +--> ?PR?_API_HANDL_COMM_PRE_10MS?API_USER...
  +--> ?PR?API_HANDL_BUTTON_PRE_10MS?PROC_SY...

?PR?_HDL_UART_10MS_RUN?DRV_UART                  -----    -----      -----    -----      -----    -----
  +--> ?PR?EN_UART4_RX?DRV_UART
  +--> ?PR?_INIT_UART_SOFT?DRV_UART

?PR?_API_HANDL_COMM_PRE_10MS?API_USER...         -----    -----      -----    -----      0001H    0001H
BL51 BANKED LINKER/LOCATER V6.22                                                      03/11/2019  10:41:19  PAGE 17


  +--> ?PR?_PROCESS_IEC62056_21?API_USER_COMM
  +--> ?PR?_API_HANDL_COMM_FRAME_ERROR?API_U...
  +--> ?PR?_LNK_TX_COMM_READY?API_USER_COMM
  +--> ?PR?API_CLR_CURRENT_ENERGY_DATA?API_E...
  +--> ?PR?API_CLR_CURRENT_MD_DATA?API_DEMAND
  +--> ?PR?API_CLR_BILL_DATA?API_BILL_RECORD
  +--> ?PR?LOADPRORST?API_LOADPROFILE
  +--> ?PR?API_CLR_EVEN_BY_COMM?API_EVENT
  +--> ?PR?API_CLR_FREEZE_ENERGY?API_DEMAND
  +--> ?PR?_API_CHG_LCDDISPLAY_ADJ_ITEM?API_...

?PR?_PROCESS_IEC62056_21?API_USER_COMM           -----    -----      -----    -----      0002H    0036H
  +--> ?PR?_GET_UART_RX_BUFF?DRV_UART
  +--> ?PR?_MEM_READ?PROC_EXMEM
  +--> ?PR?_GET_METER_ID_ASCLEN?API_USER_COMM
  +--> ?PR?_LIB_BCD_ASCA?LIB_MYMATH
  +--> ?PR?_IEC_COMM_REQUEST_CMD_JUDGE?IEC62...
  +--> ?PR?_GET_IEC_COMM_REQUEST_CMD_ANSWER?...
  +--> ?PR?_IEC_COMM_ACKNOWLEDGEMENT_CMD_JUD...
  +--> ?PR?_GET_IEC_COMM_OPERAND_ANSWER?IEC6...
  +--> ?PR?_IEC_COMM_COMMAND_CMD_JUDGE?IEC62...
  +--> ?PR?_GET_ERROR_ANSWER?IEC62056_21
  +--> ?PR?_API_HANDL_COMM_FRAME_ERROR?API_U...

?PR?_GET_UART_RX_BUFF?DRV_UART                   -----    -----      -----    -----      0038H    0004H
  +--> ?PR?DIS_UART4_RX?DRV_UART

?PR?_GET_METER_ID_ASCLEN?API_USER_COMM           -----    -----      -----    -----      00E8H    0003H

?PR?_LIB_BCD_ASCA?LIB_MYMATH                     -----    -----      -----    -----      01CBH    000AH
  +--> ?PR?_LIB_BTOA?LIB_MYMATH

?PR?_IEC_COMM_REQUEST_CMD_JUDGE?IEC62...         -----    -----      -----    -----      0038H    0008H

?PR?_GET_IEC_COMM_REQUEST_CMD_ANSWER?...         -----    -----      -----    -----      0038H    0007H

?PR?_GET_IEC_COMM_OPERAND_ANSWER?IEC6...         -----    -----      -----    -----      0038H    0007H
  +--> ?PR?_GET_BCC_CHK?IEC62056_21

?PR?_GET_BCC_CHK?IEC62056_21                     -----    -----      -----    -----      00E8H    0005H

?PR?_IEC_COMM_COMMAND_CMD_JUDGE?IEC62...         -----    -----      -----    -----      0038H    000DH
  +--> ?PR?_GET_BCC_CHK?IEC62056_21
  +--> ?PR?_IEC_CMD_PASSWORD_DEAL?API_USER_COMM
  +--> ?PR?_IEC_CMD_READ_DEAL?API_USER_COMM
  +--> ?PR?_IEC_CMD_WRITE_DEAL?API_USER_COMM

?PR?_IEC_CMD_PASSWORD_DEAL?API_USER_COMM         -----    -----      -----    -----      0045H    000FH
  +--> ?PR?_MEM_READ?PROC_EXMEM
  +--> ?PR?_LIB_BCD_ASCA?LIB_MYMATH
  +--> ?PR?_LIB_CMP_TWOARRY?LIB_MYSPRING
  +--> ?PR?_GET_ACK_ANSWER?IEC62056_21
  +--> ?PR?_API_DEAL_EVEN_CLASS_RECODE?API_E...

?PR?_IEC_CMD_READ_DEAL?API_USER_COMM             -----    -----      -----    -----      0045H    00A3H
  +--> ?PR?_LIB_ASC_BCDA?LIB_MYMATH
  +--> ?PR?_GET_IEC_COMM_VAR?API_USER_COMM
BL51 BANKED LINKER/LOCATER V6.22                                                      03/11/2019  10:41:19  PAGE 18


  +--> ?PR?_LIB_SET_STRING?LIB_MYSPRING
  +--> ?PR?_LPREC_READ_1?API_LOADPROFILE
  +--> ?PR?_LPREC_READ_BLOCK?API_LOADPROFILE
  +--> ?PR?_GET_BCC_CHK?IEC62056_21
  +--> ?PR?_LIB_LONG_BCD4?LIB_MYMATH
  +--> ?PR?_LIB_WORD_BCD2?LIB_MYMATH
  +--> ?PR?_LIB_COPY_STR_TWOARRY?LIB_MYSPRING
  +--> ?PR?_MEM_READ?PROC_EXMEM
  +--> ?PR?_GET_METER_ID_ASCLEN?API_USER_COMM
  +--> ?PR?_API_GET_ENERGY_LCD?API_LCD_DISPLAY
  +--> ?PR?_LIB_BCD_ASCA?LIB_MYMATH
  +--> ?PR?_API_GET_BILL_RECORD_ADDR?API_BIL...
  +--> ?PR?_LIB_BTOA?LIB_MYMATH

?PR?_LIB_ASC_BCDA?LIB_MYMATH                     -----    -----      -----    -----      00E8H    000AH
  +--> ?PR?_LIB_ATOB?LIB_MYMATH

?PR?_GET_IEC_COMM_VAR?API_USER_COMM              -----    -----      -----    -----      00E8H    0006H
  +--> ?CO?API_USER_COMM

?CO?API_USER_COMM                                -----    -----      -----    -----      -----    -----
  +--> ?CO?PROC_DATA

?PR?_LPREC_READ_1?API_LOADPROFILE                -----    -----      -----    -----      00E8H    001AH
  +--> ?PR?_MEM_READ?PROC_EXMEM
  +--> ?PR?_LIB_BCD_ASCA?LIB_MYMATH

?PR?_LPREC_READ_BLOCK?API_LOADPROFILE            -----    -----      -----    -----      00E8H    00E3H
  +--> ?PR?_MEM_READ?PROC_EXMEM
  +--> ?PR?_LIB_BCD_ASCA?LIB_MYMATH

?PR?_API_GET_BILL_RECORD_ADDR?API_BIL...         -----    -----      -----    -----      00E8H    0006H
  +--> ?CO?API_BILL_RECORD
  +--> ?PR?_MEM_READ?PROC_EXMEM

?PR?_IEC_CMD_WRITE_DEAL?API_USER_COMM            -----    -----      -----    -----      0045H    0050H
  +--> ?PR?_LIB_ASC_BCDA?LIB_MYMATH
  +--> ?PR?_GET_IEC_COMM_VAR?API_USER_COMM
  +--> ?PR?SECURITYCK?API_USER_COMM
  +--> ?PR?_LIB_SET_STRING?LIB_MYSPRING
  +--> ?PR?_SET_RTCTIME?DRV_RTC
  +--> ?PR?_MEM_DB_WRITE?PROC_EXMEM
  +--> ?PR?_API_DEAL_EVEN_CLASS_RECODE?API_E...
  +--> ?PR?API_INIT_MD_DATA_RAM?API_DEMAND
  +--> ?PR?API_UPDATE_TRIFFNO_PRE_MINUTE?API...
  +--> ?PR?_MEASURE_ELECTRIC_ERR_GAIN?LNK_EM...
  +--> ?PR?SAVE_EMU_ADJPARAM?LNK_EMU_ADJ
  +--> ?PR?CHECK_EMU_ADJPARAM?LNK_EMU_ADJ
  +--> ?PR?API_CLR_EVEN_BY_COMM?API_EVENT
  +--> ?PR?API_CLR_CURRENT_MD_DATA?API_DEMAND
  +--> ?PR?LOADPRORST?API_LOADPROFILE
  +--> ?PR?_MEM_DB_CLR?PROC_EXMEM
  +--> ?PR?API_CLR_FREEZE_ENERGY?API_DEMAND
  +--> ?PR?_MEM_WRITE?PROC_EXMEM
  +--> ?PR?_MEM_READ?PROC_EXMEM
  +--> ?PR?_GET_ACK_ANSWER?IEC62056_21

BL51 BANKED LINKER/LOCATER V6.22                                                      03/11/2019  10:41:19  PAGE 19


?PR?SECURITYCK?API_USER_COMM                     -----    -----      -----    -----      0095H    0001H

?PR?_MEASURE_ELECTRIC_ERR_GAIN?LNK_EM...         -----    -----      -----    -----      0095H    001EH
  +--> ?PR?_LIB_ATOB?LIB_MYMATH
  +--> ?PR?_LIB_BCD4_LONG?LIB_MYMATH
  +--> ?PR?_LIB_COPY_STR_TWOARRY?LIB_MYSPRING
  +--> ?PR?ATOF?ATOF
  +--> ?PR?_CALIBRATION_POWER?LNK_EMU_ADJ
  +--> ?PR?_CALIBRATION_CURRENT?LNK_EMU_ADJ
  +--> ?PR?_CALIBRATION_ANGULAR?LNK_EMU_ADJ
  +--> ?PR?_CALIBRATION_SMALL_SIGNAL?LNK_EMU...
  +--> ?PR?SAVE_EMU_ADJPARAM?LNK_EMU_ADJ
  +--> ?PR?CHECK_EMU_ADJPARAM?LNK_EMU_ADJ

?PR?_LIB_BCD4_LONG?LIB_MYMATH                    -----    -----      -----    -----      00B3H    0003H
  +--> ?PR?_LIB_BCD_BYTE?LIB_MYMATH

?PR?ATOF?ATOF                                    -----    -----      -----    -----      00B3H    0003H
  +--> ?PR?_ISSPACE?ISSPACE
  +--> ?PR??C?ATOF??C?ATOF

?PR??C?ATOF??C?ATOF                              0020H.0  0000H.5    0008H    0002H      -----    -----

?PR?_CALIBRATION_POWER?LNK_EMU_ADJ               -----    -----      -----    -----      00B3H    000FH
  +--> ?PR?_READMETERPARAACK?DRV_EMU_HARD
  +--> ?PR?_CALCULATESC?LNK_EMU_ADJ
  +--> ?PR?_SETMETERCFGACK?DRV_EMU_HARD

?PR?_CALCULATESC?LNK_EMU_ADJ                     -----    -----      -----    -----      00C7H    001CH
  +--> ?PR?_FLOOR?FLOOR

?PR?_FLOOR?FLOOR                                 -----    -----      -----    -----      00E3H    0008H

?PR?_CALIBRATION_CURRENT?LNK_EMU_ADJ             -----    -----      -----    -----      00B3H    0014H
  +--> ?PR?_READMETERPARAACK?DRV_EMU_HARD
  +--> ?PR?_CALCULATESC?LNK_EMU_ADJ
  +--> ?PR?_SETMETERCFGACK?DRV_EMU_HARD

?PR?_CALIBRATION_ANGULAR?LNK_EMU_ADJ             -----    -----      -----    -----      00B3H    0015H
  +--> ?PR?_CALCULATEAC?LNK_EMU_ADJ
  +--> ?PR?_LIB_LONG_BCD4?LIB_MYMATH
  +--> ?PR?_SETMETERCFGACK?DRV_EMU_HARD

?PR?_CALCULATEAC?LNK_EMU_ADJ                     -----    -----      -----    -----      00C8H    000BH

?PR?_CALIBRATION_SMALL_SIGNAL?LNK_EMU...         -----    -----      -----    -----      00B3H    0011H
  +--> ?PR?_READMETERPARAACK?DRV_EMU_HARD
  +--> ?PR?_SETMETERCFGACK?DRV_EMU_HARD

?PR?SAVE_EMU_ADJPARAM?LNK_EMU_ADJ                -----    -----      -----    -----      -----    -----
  +--> ?PR?_LIB_GET_CSCK_INT16U_NUM?LIB_MYMATH
  +--> ?PR?_MEM_DB_WRITE?PROC_EXMEM

?PR?API_CLR_EVEN_BY_COMM?API_EVENT               -----    -----      -----    -----      0095H    00C1H
  +--> ?PR?_LIB_SET_STRING?LIB_MYSPRING
  +--> ?PR?_MEM_DB_WRITE?PROC_EXMEM
  +--> ?PR?_LIB_GET_CSCK_INT16U_NUM?LIB_MYMATH
BL51 BANKED LINKER/LOCATER V6.22                                                      03/11/2019  10:41:19  PAGE 20


  +--> ?CO?API_EVENT
  +--> ?PR?_MEM_WRITE?PROC_EXMEM

?PR?LOADPRORST?API_LOADPROFILE                   -----    -----      -----    -----      -----    -----
  +--> ?PR?_LIB_SET_STRING?LIB_MYSPRING
  +--> ?PR?_MEM_DB_WRITE?PROC_EXMEM

?PR?API_CLR_FREEZE_ENERGY?API_DEMAND             -----    -----      -----    -----      -----    -----
  +--> ?PR?_LIB_CLR_STRING?LIB_MYSPRING
  +--> ?PR?_MEM_WRITE?PROC_EXMEM

?PR?_LNK_TX_COMM_READY?API_USER_COMM             -----    -----      -----    -----      0002H    0004H
  +--> ?PR?_TX_UART_FRIST?DRV_UART

?PR?_TX_UART_FRIST?DRV_UART                      -----    -----      -----    -----      0006H    0008H
  +--> ?PR?_SET_UART4_BADU?DRV_UART
  +--> ?PR?DIS_UART4_RX?DRV_UART
  +--> ?PR?EN_UART4_TX?DRV_UART

?PR?API_CLR_CURRENT_ENERGY_DATA?API_E...         -----    -----      -----    -----      -----    -----
  +--> ?PR?_LIB_SET_STRING?LIB_MYSPRING
  +--> ?PR?_LIB_GET_CSCK_INT16U_NUM?LIB_MYMATH
  +--> ?PR?_LIB_COPY_STR_TWOARRY?LIB_MYSPRING
  +--> ?PR?_MEM_DB_WRITE?PROC_EXMEM

?PR?API_CLR_BILL_DATA?API_BILL_RECORD            -----    -----      -----    -----      0002H    0078H
  +--> ?PR?_LIB_CLR_STRING?LIB_MYSPRING
  +--> ?PR?_MEM_DB_WRITE?PROC_EXMEM
  +--> ?PR?_MEM_FILL?PROC_EXMEM

?PR?_API_CHG_LCDDISPLAY_ADJ_ITEM?API_...         -----    -----      -----    -----      -----    -----
  +--> ?PR?API_UPDATED_LCDDISPLAYPIXEL_PER_S...

?PR?API_HANDL_BUTTON_PRE_10MS?PROC_SY...         -----    -----      -----    -----      -----    -----
  +--> ?PR?JUDGE_PG_DN_KEY?DRV_KEY_IO
  +--> ?PR?JUDGE_MD_CLEAR_KEY?DRV_KEY_IO
  +--> ?PR?JUDGE_MAGN_CHK_KEY?DRV_KEY_IO

?PR?PROC_JUDGE_POWER_DOWN_PROCESS?PRO...         -----    -----      -----    -----      0000H    0007H
  +--> ?PR?CHECKPOWERUP?PROC_SYSTEM_CHECK
  +--> ?PR?API_ACCUM_CURRENT_ENERGY_DATA_PRE...
  +--> ?PR?_MEM_DB_WRITE?PROC_EXMEM
  +--> ?PR?_API_DEAL_EVEN_CLASS_RECODE?API_E...
  +--> ?PR?_MEM_READ?PROC_EXMEM
  +--> ?PR?API_CHECK_CURRENT_ENERGY_DATA?API...
  +--> ?PR?API_HANDL_DIS_SLEEP?API_LCD_DISPLAY
  +--> ?PR?INIT_GPIO_SLEEP?DRV_GPIO
  +--> ?PR?E2P_IIC_INITAIL?DRV_E2P_I2CSOFT
  +--> ?PR?E2P_STOP_I2C?DRV_E2P_I2CSOFT
  +--> ?PR?API_MEASURE_RAM_INIT?API_MEASURE
  +--> ?PR?_SETEXTRTC?DRV_RTC
  +--> ?PR?INIT_RTC?DRV_RTC
  +--> ?PR?SET_MCUSLEEP?DRV_CORE
  +--> ?PR?_SET_MCUCLOCK?DRV_CORE
  +--> ?PR?_GET_RTCTIME?DRV_RTC
  +--> ?PR?_LIB_COPY_STR_TWOARRY?LIB_MYSPRING
  +--> ?PR?INIT_GPIO_RUN?DRV_GPIO
BL51 BANKED LINKER/LOCATER V6.22                                                      03/11/2019  10:41:19  PAGE 21


  +--> ?PR?E2P_START_I2C?DRV_E2P_I2CSOFT
  +--> ?PR?_MEM_WRITE?PROC_EXMEM
  +--> ?PR?SYS_ERR?PROC_SYSTEM_INITIALIZE
  +--> ?PR?API_FREEZE_ENERGY_RAM_PRE_DAY?API...
  +--> ?PR?PROC_DISPLAY_POWER_DOWN_PROCESS?P...

?PR?API_ACCUM_CURRENT_ENERGY_DATA_PRE...         -----    -----      -----    -----      0007H    0002H
  +--> ?PR?API_CHECK_CURRENT_ENERGY_DATA?API...
  +--> ?PR?LNK_ADD_FAC_ENERGY_PLUSE?API_ENERGY
  +--> ?PR?_LIB_GET_CSCK_INT16U_NUM?LIB_MYMATH
  +--> ?PR?_LIB_COPY_STR_TWOARRY?LIB_MYSPRING
  +--> ?PR?_MEM_DB_WRITE?PROC_EXMEM

?PR?API_FREEZE_ENERGY_RAM_PRE_DAY?API...         -----    -----      -----    -----      0007H    0001H
  +--> ?PR?_MEM_READ?PROC_EXMEM
  +--> ?PR?_MEM_WRITE?PROC_EXMEM
  +--> ?PR?_LIB_GET_CSCK_INT16U_NUM?LIB_MYMATH

?PR?PROC_DISPLAY_POWER_DOWN_PROCESS?P...         -----    -----      -----    -----      -----    -----
  +--> ?PR?JUDGE_PG_DN_KEY?DRV_KEY_IO
  +--> ?PR?API_UPDATED_LCDDISPLAYPIXEL_PER_S...

?PR?PROC_HANDL_TOU_1S?PROC_SYSTEM_TOU            -----    -----      -----    -----      -----    -----
  +--> ?PR?PROC_GET_CLOCK?PROC_SYSTEM_TOU
  +--> ?PR?API_MEASURE_RAM_INIT?API_MEASURE
  +--> ?PR?API_MEASURE_DEAL_PRE_SECOND?API_M...
  +--> ?PR?API_ACCUM_CURRENT_ENERGY_DATA_PRE...
  +--> ?PR?API_EVEN_DETECT_SEC?API_EVENT
  +--> ?PR?API_UPDATA_MD_VAR_MIN_PER_SECOND?...
  +--> ?PR?PROC_CHECK_PROKEY_PRE_SEC?PROC_SY...
  +--> ?PR?API_UPDATED_LED_PER_SECOND?API_LC...
  +--> ?PR?API_MEASURE_VBAT_PRE_MIN?API_MEASURE
  +--> ?PR?API_UPDATED_LCDDISPLAYITEM_PER_SE...
  +--> ?PR?API_UPDATED_LCDDISPLAYPIXEL_PER_S...
  +--> ?PR?TIMEEVENTPROC?LNK_EMU_ADJ
  +--> ?PR?CHECK_EMU_ADJPARAM?LNK_EMU_ADJ
  +--> ?PR?API_UPDATA_MD_VAR_SLID_PER_MINUTE...
  +--> ?PR?API_FREEZE_ENERGY_RAM_PRE_DAY?API...
  +--> ?PR?API_FREEZE_ENERGY_PRE_DAY?API_BIL...
  +--> ?PR?API_HANDL_SETTLE_PER_MINUTE?API_B...
  +--> ?PR?LOADPRO_REC?API_LOADPROFILE
  +--> ?PR?API_UPDATE_TRIFFNO_PRE_MINUTE?API...
  +--> ?PR?HANDL_RTC_ADJ_PER_MINU?DRV_RTC
  +--> ?PR?API_MEASURE_TEMPERATURE_PRE_MIN?A...

?PR?API_MEASURE_DEAL_PRE_SECOND?API_M...         -----    -----      -----    -----      0000H    000CH
  +--> ?PR?LNK_CAL_EMU_CONSTSUM_PER_SECOND?L...
  +--> ?PR?_LNK_GET_EMU_VOLTAGE?LNK_EMU_HANDL
  +--> ?PR?_LNK_GET_EMU_CURRENT?LNK_EMU_HANDL
  +--> ?PR?_LNK_GET_EMU_FREQ?LNK_EMU_HANDL

?PR?LNK_CAL_EMU_CONSTSUM_PER_SECOND?L...         -----    -----      -----    -----      000CH    0010H
  +--> ?PR?_READMETERPARAACK?DRV_EMU_HARD
  +--> ?PR?_SETMETERCFGACK?DRV_EMU_HARD
  +--> ?CO?LNK_EMU_ADJ

?PR?_LNK_GET_EMU_VOLTAGE?LNK_EMU_HANDL           -----    -----      -----    -----      000CH    0011H
BL51 BANKED LINKER/LOCATER V6.22                                                      03/11/2019  10:41:19  PAGE 22


  +--> ?PR?_READMETERPARAACK?DRV_EMU_HARD
  +--> ?PR?_LIB_REV_COPY_ARRY?LIB_MYSPRING

?PR?_LNK_GET_EMU_CURRENT?LNK_EMU_HANDL           -----    -----      -----    -----      000CH    0011H
  +--> ?PR?_READMETERPARAACK?DRV_EMU_HARD

?PR?_LNK_GET_EMU_FREQ?LNK_EMU_HANDL              -----    -----      -----    -----      000CH    000DH
  +--> ?PR?_READMETERPARAACK?DRV_EMU_HARD
  +--> ?PR?_LIB_REV_COPY_ARRY?LIB_MYSPRING

?PR?API_EVEN_DETECT_SEC?API_EVENT                -----    -----      -----    -----      -----    -----
  +--> ?PR?CHECKPOWERUP?PROC_SYSTEM_CHECK
  +--> ?PR?API_EVEN_EE_ERR?API_EVENT
  +--> ?PR?API_EVEN_DETECT_LOWBATTERY?API_EVENT
  +--> ?PR?_API_DEAL_EVEN_CLASS_RECODE?API_E...
  +--> ?PR?API_EVEN_DETECT_L1REVERSE?API_EVENT

?PR?API_EVEN_EE_ERR?API_EVENT                    -----    -----      -----    -----      -----    -----
  +--> ?PR?_MEM_READ?PROC_EXMEM
  +--> ?PR?_API_DEAL_EVEN_CLASS_RECODE?API_E...

?PR?API_UPDATA_MD_VAR_MIN_PER_SECOND?...         -----    -----      -----    -----      0000H    0001H
  +--> ?PR?LNK_UPDATA_MD_VAR_POWER_PER_SECON...

?PR?LNK_UPDATA_MD_VAR_POWER_PER_SECON...         -----    -----      -----    -----      0001H    0001H
  +--> ?PR?SYS_ERR?PROC_SYSTEM_INITIALIZE

?PR?PROC_CHECK_PROKEY_PRE_SEC?PROC_SY...         -----    -----      -----    -----      -----    -----
  +--> ?PR?JUDGE_ERR_ADJ_KEY?DRV_KEY_IO
  +--> ?PR?API_CLR_CURRENT_ENERGY_DATA?API_E...
  +--> ?PR?API_CLR_CURRENT_MD_DATA?API_DEMAND
  +--> ?PR?API_CLR_FREEZE_ENERGY?API_DEMAND
  +--> ?PR?API_CLR_BILL_DATA?API_BILL_RECORD
  +--> ?PR?LOADPRORST?API_LOADPROFILE
  +--> ?PR?API_CLR_EVEN_BY_COMM?API_EVENT
  +--> ?PR?_API_CHG_LCDDISPLAY_ADJ_ITEM?API_...

?PR?API_UPDATED_LCDDISPLAYITEM_PER_SE...         -----    -----      -----    -----      -----    -----
  +--> ?PR?API_GET_NEXT_DIS_ITEM?API_LCD_DIS...

?PR?TIMEEVENTPROC?LNK_EMU_ADJ                    -----    -----      -----    -----      0000H    0002H
  +--> ?PR?_READMETERPARAACK?DRV_EMU_HARD
  +--> ?PR?_CALCULATESCHZ?LNK_EMU_ADJ
  +--> ?PR?_SETMETERCFGACK?DRV_EMU_HARD

?PR?_CALCULATESCHZ?LNK_EMU_ADJ                   -----    -----      -----    -----      0002H    0018H

?PR?API_UPDATA_MD_VAR_SLID_PER_MINUTE...         -----    -----      -----    -----      0000H    0006H
  +--> ?PR?_API_CHECK_DEMAND_PARA?API_DEMAND
  +--> ?PR?_API_CMP_SAVE_MD_DATA?API_DEMAND

?PR?_API_CMP_SAVE_MD_DATA?API_DEMAND             -----    -----      -----    -----      0006H    0010H
  +--> ?PR?_MEM_READ?PROC_EXMEM
  +--> ?PR?_MEM_DB_WRITE?PROC_EXMEM
  +--> ?PR?_MEM_WRITE?PROC_EXMEM

?PR?API_HANDL_SETTLE_PER_MINUTE?API_B...         -----    -----      -----    -----      0000H    0006H
BL51 BANKED LINKER/LOCATER V6.22                                                      03/11/2019  10:41:19  PAGE 23


  +--> ?PR?_MEM_READ?PROC_EXMEM
  +--> ?PR?_LIB_BCD_BYTE?LIB_MYMATH
  +--> ?PR?_API_WRITE_BILL_DATA?API_BILL_RECORD
  +--> ?PR?API_CLR_CURRENT_MD_DATA?API_DEMAND

?PR?LOADPRO_REC?API_LOADPROFILE                  -----    -----      -----    -----      0000H    0006H
  +--> ?PR?_MEM_READ?PROC_EXMEM
  +--> ?PR?_LIB_BCD2_WORD?LIB_MYMATH
  +--> ?PR?_LIB_BCD_BYTE?LIB_MYMATH
  +--> ?PR?_LOAD_REC?API_LOADPROFILE

?PR?_LIB_BCD2_WORD?LIB_MYMATH                    -----    -----      -----    -----      -----    -----
  +--> ?PR?_LIB_BCD_BYTE?LIB_MYMATH

?PR?_LOAD_REC?API_LOADPROFILE                    -----    -----      -----    -----      0006H    001AH
  +--> ?PR?_LIB_SET_STRING?LIB_MYSPRING
  +--> ?PR?_LIB_COPY_STR_TWOARRY?LIB_MYSPRING
  +--> ?PR?_API_GET_ENERGY_LCD?API_LCD_DISPLAY
  +--> ?PR?_LIB_LONG_BCD4?LIB_MYMATH
  +--> ?PR?_MEM_READ?PROC_EXMEM
  +--> ?PR?_MEM_DB_WRITE?PROC_EXMEM
  +--> ?PR?_MEM_WRITE?PROC_EXMEM

?PR?HANDL_RTC_ADJ_PER_MINU?DRV_RTC               -----    -----      -----    -----      0000H    0012H

*** NEW ROOT ***************************************************

?PR?INTERRUPT_EXINT2?PROC_SYSTEM_INTE...         -----    -----      -----    -----      0236H    0002H
  +--> ?PR?EN_UART4_RX?DRV_UART
  +--> ?PR?_INIT_UART_SOFT?DRV_UART



UNRESOLVED EXTERNAL SYMBOLS:
   ?_WRITERACCOON?BYTE
   GS_RACCTRL
   G_LORACONFIG
   RX_MODE
   SX127X_INIT
   _LSD_RF_RXPACKET
   _READRACCOON
   _SX1276_TXPACKET
   _WRITERACCOON



SYMBOL TABLE OF MODULE:  DI03B_9811A_V10 (?C_STARTUP)

  VALUE           TYPE          NAME
  ----------------------------------

  -------         MODULE        ?C_STARTUP
  C:CFCEH         SEGMENT       ?C_C51STARTUP
  I:0021H         SEGMENT       ?STACK
  C:0000H         PUBLIC        ?C_STARTUP
  D:00E0H         SYMBOL        ACC
  D:00F0H         SYMBOL        B
BL51 BANKED LINKER/LOCATER V6.22                                                      03/11/2019  10:41:19  PAGE 24


  D:0083H         SYMBOL        DPH
  D:0082H         SYMBOL        DPL
  N:0000H         SYMBOL        IBPSTACK
  N:0100H         SYMBOL        IBPSTACKTOP
  N:0080H         SYMBOL        IDATALEN
  N:0000H         SYMBOL        PBPSTACK
  N:0000H         SYMBOL        PBPSTACKTOP
  N:0000H         SYMBOL        PDATALEN
  N:0000H         SYMBOL        PDATASTART
  N:0000H         SYMBOL        PPAGE
  N:0000H         SYMBOL        PPAGEENABLE
  D:00A0H         SYMBOL        PPAGE_SFR
  D:0081H         SYMBOL        SP
  C:CFCEH         SYMBOL        STARTUP1
  N:0000H         SYMBOL        XBPSTACK
  N:0000H         SYMBOL        XBPSTACKTOP
  N:0000H         SYMBOL        XDATALEN
  N:0000H         SYMBOL        XDATASTART
  C:0400H         LINE#         82
  C:0000H         LINE#         105
  C:CFCEH         LINE#         163
  C:CFD1H         LINE#         167
  -------         ENDMOD        ?C_STARTUP

  -------         MODULE        MAIN
  C:0000H         SYMBOL        _ICE_DUMMY_
  D:00CEH         PUBLIC        wdt0
  D:0090H         PUBLIC        P1
  D:00CFH         PUBLIC        wdt1
  D:00B0H         PUBLIC        P3
  B:00A8H.7       PUBLIC        EA
  D:00A8H         PUBLIC        IE
  D:00B8H         PUBLIC        IP
  C:BDECH         PUBLIC        main
  D:0098H         PUBLIC        SCON
  D:0088H         PUBLIC        TCON
  D:00F0H         PUBLIC        B
  D:00E0H         PUBLIC        ACC
  D:0080H         PUBLIC        SysCtrl
  D:00C8H         PUBLIC        T2CON
  X:0804H         PUBLIC        debug_tmp1
  D:00D0H         PUBLIC        PSW
  -------         PROC          MAIN
  C:BDECH         LINE#         30
  C:BDECH         LINE#         31
  C:BDECH         LINE#         33
  C:BDEDH         LINE#         34
  C:BDFBH         LINE#         35
  C:BDFDH         LINE#         36
  C:BE00H         LINE#         37
  C:BE02H         LINE#         38
  C:BE03H         LINE#         39
  C:BE03H         LINE#         40
  C:BE03H         LINE#         41
  C:BE11H         LINE#         42
  C:BE19H         LINE#         43
  C:BE19H         LINE#         44
BL51 BANKED LINKER/LOCATER V6.22                                                      03/11/2019  10:41:19  PAGE 25


  C:BE27H         LINE#         45
  C:BE2FH         LINE#         46
  C:BE2FH         LINE#         47
  C:BE32H         LINE#         48
  C:BE35H         LINE#         49
  C:BE35H         LINE#         51
  C:BE38H         LINE#         52
  C:BE40H         LINE#         53
  C:BE40H         LINE#         54
  C:BE43H         LINE#         55
  C:BE46H         LINE#         56
  C:BE46H         LINE#         57
  C:BE55H         LINE#         58
  C:BE55H         LINE#         59
  C:BE58H         LINE#         60
  C:BE58H         LINE#         61
  C:BE60H         LINE#         62
  C:BE60H         LINE#         63
  C:BE61H         LINE#         64
  C:BE64H         LINE#         65
  C:BE72H         LINE#         66
  C:BE79H         LINE#         67
  C:BE7EH         LINE#         68
  C:BE84H         LINE#         69
  C:BE84H         LINE#         71
  C:BE87H         LINE#         73
  C:BE95H         LINE#         74
  C:BE95H         LINE#         76
  C:BE98H         LINE#         77
  -------         ENDPROC       MAIN
  -------         ENDMOD        MAIN

  -------         MODULE        PROC_DATA
  C:0000H         SYMBOL        _ICE_DUMMY_
  D:0090H         PUBLIC        P1
  D:00B0H         PUBLIC        P3
  D:00A8H         PUBLIC        IE
  D:00B8H         PUBLIC        IP
  D:0098H         PUBLIC        SCON
  D:0088H         PUBLIC        TCON
  D:00F0H         PUBLIC        B
  D:00E0H         PUBLIC        ACC
  C:DD2EH         PUBLIC        default_meter_parm1_tab
  X:0703H         PUBLIC        gs_sys_run
  D:0080H         PUBLIC        SysCtrl
  D:00C8H         PUBLIC        T2CON
  C:D66FH         PUBLIC        Proc_sys_data_init
  C:DD1FH         PUBLIC        sys_parm
  D:00D0H         PUBLIC        PSW
  X:0705H         PUBLIC        gs_sys_globaL_var
  -------         PROC          PROC_SYS_DATA_INIT
  C:D66FH         LINE#         82
  C:D66FH         LINE#         83
  C:D66FH         LINE#         84
  C:D674H         LINE#         85
  C:D676H         LINE#         86
  C:D67CH         LINE#         87
[...]
  -------         ENDDO         
  C:CF46H         LINE#         176
  C:CF56H         LINE#         177
  C:CF56H         LINE#         180
  C:CF5BH         LINE#         182
  C:CF67H         LINE#         183
  C:CF67H         LINE#         184
  C:CF95H         LINE#         185
  C:CF98H         LINE#         187
  C:CFB7H         LINE#         188
  -------         ENDPROC       _GET_IEC_COMM_REQUEST_CMD_ANSWER
  -------         PROC          _GET_IEC_COMM_OPERAND_ANSWER
  X:0038H         SYMBOL        sptr
  X:003BH         SYMBOL        len
  X:003CH         SYMBOL        info_ptr
  -------         DO            
  D:0007H         SYMBOL        i
  -------         ENDDO         
  C:B5B0H         LINE#         203
  C:B5BEH         LINE#         204
  C:B5BEH         LINE#         207
  C:B5CEH         LINE#         208
  C:B5E1H         LINE#         209
  C:B5E9H         LINE#         210
  C:B5F1H         LINE#         212
  C:B5FDH         LINE#         213
  C:B5FDH         LINE#         214
  C:B62BH         LINE#         215
  C:B62EH         LINE#         217
  C:B64DH         LINE#         218
  -------         ENDPROC       _GET_IEC_COMM_OPERAND_ANSWER
  -------         PROC          _GET_ERROR_ANSWER
  D:0001H         SYMBOL        sptr
BL51 BANKED LINKER/LOCATER V6.22                                                      03/11/2019  10:41:19  PAGE 175


  C:0016H         LINE#         233
  C:0016H         LINE#         234
  C:0016H         LINE#         235
  -------         ENDPROC       _GET_ERROR_ANSWER
  -------         PROC          _GET_ACK_ANSWER
  D:0001H         SYMBOL        sptr
  C:003EH         LINE#         250
  C:003EH         LINE#         251
  C:003EH         LINE#         252
  -------         ENDPROC       _GET_ACK_ANSWER
  -------         PROC          L?0052
  -------         ENDPROC       L?0052
  -------         PROC          _GET_BCC_CHK
  X:00E8H         SYMBOL        yourBuf
  D:0005H         SYMBOL        StartID
  X:00ECH         SYMBOL        EndID
  -------         DO            
  D:0006H         SYMBOL        i
  D:0007H         SYMBOL        tmp
  -------         ENDDO         
  C:E8E9H         LINE#         266
  C:E8F4H         LINE#         267
  C:E8F4H         LINE#         271
  C:E8F6H         LINE#         272
  C:E902H         LINE#         273
  C:E902H         LINE#         274
  C:E917H         LINE#         275
  C:E91AH         LINE#         276
  C:E91AH         LINE#         277
  -------         ENDPROC       _GET_BCC_CHK
  -------         ENDMOD        IEC62056_21

  -------         MODULE        ?C?FPADD
  C:1318H         PUBLIC        ?C?FPADD
  C:1314H         PUBLIC        ?C?FPSUB
  -------         ENDMOD        ?C?FPADD

  -------         MODULE        ?C?FPMUL
  C:1409H         PUBLIC        ?C?FPMUL
  -------         ENDMOD        ?C?FPMUL

  -------         MODULE        ?C?FPDIV
  C:1512H         PUBLIC        ?C?FPDIV
  -------         ENDMOD        ?C?FPDIV

  -------         MODULE        ?C?FPCMP
  C:15B1H         PUBLIC        ?C?FPCMP
  C:15AFH         PUBLIC        ?C?FPCMP3
  -------         ENDMOD        ?C?FPCMP

  -------         MODULE        ?C?FCAST
  C:1626H         PUBLIC        ?C?FCASTC
  C:1621H         PUBLIC        ?C?FCASTI
  C:161CH         PUBLIC        ?C?FCASTL
  -------         ENDMOD        ?C?FCAST

  -------         MODULE        ?C?CASTF
BL51 BANKED LINKER/LOCATER V6.22                                                      03/11/2019  10:41:19  PAGE 176


  C:165AH         PUBLIC        ?C?CASTF
  -------         ENDMOD        ?C?CASTF

  -------         MODULE        ATOF
  C:E2FEH         PUBLIC        _ATOF
  -------         ENDMOD        ATOF

  -------         MODULE        SQRT
  C:C159H         PUBLIC        _SQRT
  -------         ENDMOD        SQRT

  -------         MODULE        FLOOR
  C:AB3FH         PUBLIC        _floor
  -------         ENDMOD        FLOOR

  -------         MODULE        ?C?FPNEG
  C:16DBH         PUBLIC        ?C?FPNEG
  -------         ENDMOD        ?C?FPNEG

  -------         MODULE        ?C?FTNPWR
  C:171CH         PUBLIC        ?C?FTNPWR
  -------         ENDMOD        ?C?FTNPWR

  -------         MODULE        ?C?COPY
  C:182CH         PUBLIC        ?C?COPY
  -------         ENDMOD        ?C?COPY

  -------         MODULE        ?C?CLDPTR
  C:1852H         PUBLIC        ?C?CLDPTR
  -------         ENDMOD        ?C?CLDPTR

  -------         MODULE        ?C?CLDOPTR
  C:186BH         PUBLIC        ?C?CLDOPTR
  -------         ENDMOD        ?C?CLDOPTR

  -------         MODULE        ?C?CILDPTR
  C:1898H         PUBLIC        ?C?CILDPTR
  -------         ENDMOD        ?C?CILDPTR

  -------         MODULE        ?C?CSTPTR
  C:18BAH         PUBLIC        ?C?CSTPTR
  -------         ENDMOD        ?C?CSTPTR

  -------         MODULE        ?C?CSTOPTR
  C:18CCH         PUBLIC        ?C?CSTOPTR
  -------         ENDMOD        ?C?CSTOPTR

  -------         MODULE        ?C?IMUL
  C:18EEH         PUBLIC        ?C?IMUL
  -------         ENDMOD        ?C?IMUL

  -------         MODULE        ?C?UIDIV
  C:1900H         PUBLIC        ?C?UIDIV
  -------         ENDMOD        ?C?UIDIV

  -------         MODULE        ?C?SIDIV
  C:1955H         PUBLIC        ?C?SIDIV
BL51 BANKED LINKER/LOCATER V6.22                                                      03/11/2019  10:41:19  PAGE 177


  -------         ENDMOD        ?C?SIDIV

  -------         MODULE        ?C?IILDX
  C:198BH         PUBLIC        ?C?IILDX
  -------         ENDMOD        ?C?IILDX

  -------         MODULE        ?C?ILDIX
  C:19A1H         PUBLIC        ?C?ILDIX
  -------         ENDMOD        ?C?ILDIX

  -------         MODULE        ?C?ISTPTR
  C:19B7H         PUBLIC        ?C?ISTPTR
  -------         ENDMOD        ?C?ISTPTR

  -------         MODULE        ?C?LMUL
  C:19D6H         PUBLIC        ?C?LMUL
  -------         ENDMOD        ?C?LMUL

  -------         MODULE        ?C?ULDIV
  C:1A61H         PUBLIC        ?C?ULDIV
  -------         ENDMOD        ?C?ULDIV

  -------         MODULE        ?C?SLDIV
  C:E41DH         PUBLIC        ?C?SLDIV
  -------         ENDMOD        ?C?SLDIV

  -------         MODULE        ?C?LNOT
  C:1AF3H         PUBLIC        ?C?LNOT
  -------         ENDMOD        ?C?LNOT

  -------         MODULE        ?C?LNEG
  C:1B00H         PUBLIC        ?C?LNEG
  -------         ENDMOD        ?C?LNEG

  -------         MODULE        ?C?SLCMP
  C:1B0EH         PUBLIC        ?C?SLCMP
  -------         ENDMOD        ?C?SLCMP

  -------         MODULE        ?C?ULCMP
  C:1B24H         PUBLIC        ?C?ULCMP
  -------         ENDMOD        ?C?ULCMP

  -------         MODULE        ?C?ULSHR
  C:1B35H         PUBLIC        ?C?ULSHR
  -------         ENDMOD        ?C?ULSHR

  -------         MODULE        ?C?LSHL
  C:1B48H         PUBLIC        ?C?LSHL
  -------         ENDMOD        ?C?LSHL

  -------         MODULE        ?C?LLDPTR
  C:1B5BH         PUBLIC        ?C?LLDPTR
  -------         ENDMOD        ?C?LLDPTR

  -------         MODULE        ?C?LLDXDATA
  C:1B7BH         PUBLIC        ?C?LLDXDATA
  -------         ENDMOD        ?C?LLDXDATA
BL51 BANKED LINKER/LOCATER V6.22                                                      03/11/2019  10:41:19  PAGE 178



  -------         MODULE        ?C?LLDCODE
  C:1B87H         PUBLIC        ?C?LLDCODE
  -------         ENDMOD        ?C?LLDCODE

  -------         MODULE        ?C?LLDCODE0
  C:1B97H         PUBLIC        ?C?LLDCODE0
  -------         ENDMOD        ?C?LLDCODE0

  -------         MODULE        ?C?LSTXDATA
  C:1BA7H         PUBLIC        ?C?LSTXDATA
  -------         ENDMOD        ?C?LSTXDATA

  -------         MODULE        ?C?LSTKXDATA
  C:1BB3H         PUBLIC        ?C?LSTKXDATA
  -------         ENDMOD        ?C?LSTKXDATA

  -------         MODULE        ?C?OFFXADD
  C:1BE4H         PUBLIC        ?C?OFFXADD
  -------         ENDMOD        ?C?OFFXADD

  -------         MODULE        ?C?PLDIXDATA
  C:1BF0H         PUBLIC        ?C?PLDIXDATA
  -------         ENDMOD        ?C?PLDIXDATA

  -------         MODULE        ?C?PSTXDATA
  C:1C07H         PUBLIC        ?C?PSTXDATA
  -------         ENDMOD        ?C?PSTXDATA

  -------         MODULE        ?C?PSTPTR
  C:1C10H         PUBLIC        ?C?PSTPTR
  -------         ENDMOD        ?C?PSTPTR

  -------         MODULE        ?C?ICASE
  C:1C5FH         PUBLIC        ?C?ICASE
  -------         ENDMOD        ?C?ICASE

  -------         MODULE        ?C?LCASE
  C:1C8CH         PUBLIC        ?C?LCASE
  -------         ENDMOD        ?C?LCASE

  -------         MODULE        ?C?LIMUL
  C:1CC6H         PUBLIC        ?C?LIMUL
  -------         ENDMOD        ?C?LIMUL

  -------         MODULE        ISSPACE
  C:EFC4H         PUBLIC        _isspace
  -------         ENDMOD        ISSPACE

  -------         MODULE        ?C?LLDIDATA
  C:1CF3H         PUBLIC        ?C?LLDIDATA
  -------         ENDMOD        ?C?LLDIDATA

  -------         MODULE        ?C?LLDPDATA
  C:1CFFH         PUBLIC        ?C?LLDPDATA
  -------         ENDMOD        ?C?LLDPDATA

BL51 BANKED LINKER/LOCATER V6.22                                                      03/11/2019  10:41:19  PAGE 179


  -------         MODULE        ?C?PSTIDATA
  C:1D0BH         PUBLIC        ?C?PSTIDATA
  -------         ENDMOD        ?C?PSTIDATA

  -------         MODULE        ?C?PSTPDATA
  C:1D14H         PUBLIC        ?C?PSTPDATA
  -------         ENDMOD        ?C?PSTPDATA

*** WARNING L1: UNRESOLVED EXTERNAL SYMBOL
    SYMBOL:  _READRACCOON
    MODULE:  .\Lnk_EMU_Adj.obj (LNK_EMU_ADJ)

*** WARNING L1: UNRESOLVED EXTERNAL SYMBOL
    SYMBOL:  _WRITERACCOON
    MODULE:  .\Lnk_EMU_Adj.obj (LNK_EMU_ADJ)

*** WARNING L1: UNRESOLVED EXTERNAL SYMBOL
    SYMBOL:  ?_WRITERACCOON?BYTE
    MODULE:  .\Lnk_EMU_Adj.obj (LNK_EMU_ADJ)

*** WARNING L1: UNRESOLVED EXTERNAL SYMBOL
    SYMBOL:  GS_RACCTRL
    MODULE:  .\Lnk_EMU_Adj.obj (LNK_EMU_ADJ)

*** WARNING L2: REFERENCE MADE TO UNRESOLVED EXTERNAL
    SYMBOL:  _READRACCOON
    MODULE:  .\Lnk_EMU_Adj.obj (LNK_EMU_ADJ)
    ADDRESS: 8BC8H

*** WARNING L2: REFERENCE MADE TO UNRESOLVED EXTERNAL
    SYMBOL:  GS_RACCTRL
    MODULE:  .\Lnk_EMU_Adj.obj (LNK_EMU_ADJ)
    ADDRESS: 8BD6H

*** WARNING L2: REFERENCE MADE TO UNRESOLVED EXTERNAL
    SYMBOL:  GS_RACCTRL
    MODULE:  .\Lnk_EMU_Adj.obj (LNK_EMU_ADJ)
    ADDRESS: 8BD8H

*** WARNING L2: REFERENCE MADE TO UNRESOLVED EXTERNAL
    SYMBOL:  _READRACCOON
    MODULE:  .\Lnk_EMU_Adj.obj (LNK_EMU_ADJ)
    ADDRESS: 8D31H

*** WARNING L2: REFERENCE MADE TO UNRESOLVED EXTERNAL
    SYMBOL:  GS_RACCTRL
    MODULE:  .\Lnk_EMU_Adj.obj (LNK_EMU_ADJ)
    ADDRESS: 8D3FH

*** WARNING L2: REFERENCE MADE TO UNRESOLVED EXTERNAL
    SYMBOL:  GS_RACCTRL
    MODULE:  .\Lnk_EMU_Adj.obj (LNK_EMU_ADJ)
    ADDRESS: 8D41H

*** WARNING L2: REFERENCE MADE TO UNRESOLVED EXTERNAL
    SYMBOL:  ?_WRITERACCOON?BYTE
    MODULE:  .\Lnk_EMU_Adj.obj (LNK_EMU_ADJ)
BL51 BANKED LINKER/LOCATER V6.22                                                      03/11/2019  10:41:19  PAGE 180


    ADDRESS: 9FD0H

*** WARNING L2: REFERENCE MADE TO UNRESOLVED EXTERNAL
    SYMBOL:  _WRITERACCOON
    MODULE:  .\Lnk_EMU_Adj.obj (LNK_EMU_ADJ)
    ADDRESS: 9FDDH

*** WARNING L2: REFERENCE MADE TO UNRESOLVED EXTERNAL
    SYMBOL:  ?_WRITERACCOON?BYTE
    MODULE:  .\Lnk_EMU_Adj.obj (LNK_EMU_ADJ)
    ADDRESS: 9FEEH

*** WARNING L2: REFERENCE MADE TO UNRESOLVED EXTERNAL
    SYMBOL:  _WRITERACCOON
    MODULE:  .\Lnk_EMU_Adj.obj (LNK_EMU_ADJ)
    ADDRESS: 9FFBH

*** WARNING L2: REFERENCE MADE TO UNRESOLVED EXTERNAL
    SYMBOL:  ?_WRITERACCOON?BYTE
    MODULE:  .\Lnk_EMU_Adj.obj (LNK_EMU_ADJ)
    ADDRESS: B459H

*** WARNING L2: REFERENCE MADE TO UNRESOLVED EXTERNAL
    SYMBOL:  _WRITERACCOON
    MODULE:  .\Lnk_EMU_Adj.obj (LNK_EMU_ADJ)
    ADDRESS: B466H

*** WARNING L2: REFERENCE MADE TO UNRESOLVED EXTERNAL
    SYMBOL:  ?_WRITERACCOON?BYTE
    MODULE:  .\Lnk_EMU_Adj.obj (LNK_EMU_ADJ)
    ADDRESS: 74D0H

*** WARNING L2: REFERENCE MADE TO UNRESOLVED EXTERNAL
    SYMBOL:  _WRITERACCOON
    MODULE:  .\Lnk_EMU_Adj.obj (LNK_EMU_ADJ)
    ADDRESS: 74E3H

*** WARNING L2: REFERENCE MADE TO UNRESOLVED EXTERNAL
    SYMBOL:  _READRACCOON
    MODULE:  .\Lnk_EMU_Adj.obj (LNK_EMU_ADJ)
    ADDRESS: 328CH

*** WARNING L2: REFERENCE MADE TO UNRESOLVED EXTERNAL
    SYMBOL:  GS_RACCTRL
    MODULE:  .\Lnk_EMU_Adj.obj (LNK_EMU_ADJ)
    ADDRESS: 329AH

*** WARNING L2: REFERENCE MADE TO UNRESOLVED EXTERNAL
    SYMBOL:  GS_RACCTRL
    MODULE:  .\Lnk_EMU_Adj.obj (LNK_EMU_ADJ)
    ADDRESS: 329CH

*** WARNING L2: REFERENCE MADE TO UNRESOLVED EXTERNAL
    SYMBOL:  _READRACCOON
    MODULE:  .\Lnk_EMU_Adj.obj (LNK_EMU_ADJ)
    ADDRESS: 33BDH

BL51 BANKED LINKER/LOCATER V6.22                                                      03/11/2019  10:41:19  PAGE 181


*** WARNING L2: REFERENCE MADE TO UNRESOLVED EXTERNAL
    SYMBOL:  GS_RACCTRL
    MODULE:  .\Lnk_EMU_Adj.obj (LNK_EMU_ADJ)
    ADDRESS: 33CBH

*** WARNING L2: REFERENCE MADE TO UNRESOLVED EXTERNAL
    SYMBOL:  GS_RACCTRL
    MODULE:  .\Lnk_EMU_Adj.obj (LNK_EMU_ADJ)
    ADDRESS: 33CDH

*** WARNING L1: UNRESOLVED EXTERNAL SYMBOL
    SYMBOL:  _READRACCOON
    MODULE:  .\Lnk_EMU_handl.obj (LNK_EMU_HANDL)

*** WARNING L1: UNRESOLVED EXTERNAL SYMBOL
    SYMBOL:  GS_RACCTRL
    MODULE:  .\Lnk_EMU_handl.obj (LNK_EMU_HANDL)

*** WARNING L2: REFERENCE MADE TO UNRESOLVED EXTERNAL
    SYMBOL:  _READRACCOON
    MODULE:  .\Lnk_EMU_handl.obj (LNK_EMU_HANDL)
    ADDRESS: 8FF4H

*** WARNING L2: REFERENCE MADE TO UNRESOLVED EXTERNAL
    SYMBOL:  GS_RACCTRL
    MODULE:  .\Lnk_EMU_handl.obj (LNK_EMU_HANDL)
    ADDRESS: 9002H

*** WARNING L2: REFERENCE MADE TO UNRESOLVED EXTERNAL
    SYMBOL:  GS_RACCTRL
    MODULE:  .\Lnk_EMU_handl.obj (LNK_EMU_HANDL)
    ADDRESS: 9004H

*** WARNING L2: REFERENCE MADE TO UNRESOLVED EXTERNAL
    SYMBOL:  _READRACCOON
    MODULE:  .\Lnk_EMU_handl.obj (LNK_EMU_HANDL)
    ADDRESS: 6D2AH

*** WARNING L2: REFERENCE MADE TO UNRESOLVED EXTERNAL
    SYMBOL:  GS_RACCTRL
    MODULE:  .\Lnk_EMU_handl.obj (LNK_EMU_HANDL)
    ADDRESS: 6D38H

*** WARNING L2: REFERENCE MADE TO UNRESOLVED EXTERNAL
    SYMBOL:  GS_RACCTRL
    MODULE:  .\Lnk_EMU_handl.obj (LNK_EMU_HANDL)
    ADDRESS: 6D3AH

*** WARNING L2: REFERENCE MADE TO UNRESOLVED EXTERNAL
    SYMBOL:  _READRACCOON
    MODULE:  .\Lnk_EMU_handl.obj (LNK_EMU_HANDL)
    ADDRESS: 6DDCH

*** WARNING L2: REFERENCE MADE TO UNRESOLVED EXTERNAL
    SYMBOL:  GS_RACCTRL
    MODULE:  .\Lnk_EMU_handl.obj (LNK_EMU_HANDL)
    ADDRESS: 6DEAH
BL51 BANKED LINKER/LOCATER V6.22                                                      03/11/2019  10:41:19  PAGE 182



*** WARNING L2: REFERENCE MADE TO UNRESOLVED EXTERNAL
    SYMBOL:  GS_RACCTRL
    MODULE:  .\Lnk_EMU_handl.obj (LNK_EMU_HANDL)
    ADDRESS: 6DECH

*** WARNING L2: REFERENCE MADE TO UNRESOLVED EXTERNAL
    SYMBOL:  _READRACCOON
    MODULE:  .\Lnk_EMU_handl.obj (LNK_EMU_HANDL)
    ADDRESS: B0E3H

*** WARNING L2: REFERENCE MADE TO UNRESOLVED EXTERNAL
    SYMBOL:  GS_RACCTRL
    MODULE:  .\Lnk_EMU_handl.obj (LNK_EMU_HANDL)
    ADDRESS: B0F3H

*** WARNING L2: REFERENCE MADE TO UNRESOLVED EXTERNAL
    SYMBOL:  GS_RACCTRL
    MODULE:  .\Lnk_EMU_handl.obj (LNK_EMU_HANDL)
    ADDRESS: B0F5H

*** WARNING L2: REFERENCE MADE TO UNRESOLVED EXTERNAL
    SYMBOL:  _READRACCOON
    MODULE:  .\Lnk_EMU_handl.obj (LNK_EMU_HANDL)
    ADDRESS: 3C19H

*** WARNING L2: REFERENCE MADE TO UNRESOLVED EXTERNAL
    SYMBOL:  GS_RACCTRL
    MODULE:  .\Lnk_EMU_handl.obj (LNK_EMU_HANDL)
    ADDRESS: 3C29H

*** WARNING L2: REFERENCE MADE TO UNRESOLVED EXTERNAL
    SYMBOL:  GS_RACCTRL
    MODULE:  .\Lnk_EMU_handl.obj (LNK_EMU_HANDL)
    ADDRESS: 3C2BH

*** WARNING L2: REFERENCE MADE TO UNRESOLVED EXTERNAL
    SYMBOL:  _READRACCOON
    MODULE:  .\Lnk_EMU_handl.obj (LNK_EMU_HANDL)
    ADDRESS: 7BF5H

*** WARNING L2: REFERENCE MADE TO UNRESOLVED EXTERNAL
    SYMBOL:  GS_RACCTRL
    MODULE:  .\Lnk_EMU_handl.obj (LNK_EMU_HANDL)
    ADDRESS: 7C03H

*** WARNING L2: REFERENCE MADE TO UNRESOLVED EXTERNAL
    SYMBOL:  GS_RACCTRL
    MODULE:  .\Lnk_EMU_handl.obj (LNK_EMU_HANDL)
    ADDRESS: 7C05H

*** WARNING L1: UNRESOLVED EXTERNAL SYMBOL
    SYMBOL:  _SX1276_TXPACKET
    MODULE:  .\Drv_UART.obj (DRV_UART)

*** WARNING L1: UNRESOLVED EXTERNAL SYMBOL
    SYMBOL:  RX_MODE
BL51 BANKED LINKER/LOCATER V6.22                                                      03/11/2019  10:41:19  PAGE 183


    MODULE:  .\Drv_UART.obj (DRV_UART)

*** WARNING L1: UNRESOLVED EXTERNAL SYMBOL
    SYMBOL:  GS_RACCTRL
    MODULE:  .\Drv_UART.obj (DRV_UART)

*** WARNING L1: UNRESOLVED EXTERNAL SYMBOL
    SYMBOL:  G_LORACONFIG
    MODULE:  .\Drv_UART.obj (DRV_UART)

*** WARNING L2: REFERENCE MADE TO UNRESOLVED EXTERNAL
    SYMBOL:  G_LORACONFIG
    MODULE:  .\Drv_UART.obj (DRV_UART)
    ADDRESS: 7B62H

*** WARNING L2: REFERENCE MADE TO UNRESOLVED EXTERNAL
    SYMBOL:  _SX1276_TXPACKET
    MODULE:  .\Drv_UART.obj (DRV_UART)
    ADDRESS: 7B79H

*** WARNING L2: REFERENCE MADE TO UNRESOLVED EXTERNAL
    SYMBOL:  RX_MODE
    MODULE:  .\Drv_UART.obj (DRV_UART)
    ADDRESS: 7B7CH

*** WARNING L2: REFERENCE MADE TO UNRESOLVED EXTERNAL
    SYMBOL:  GS_RACCTRL
    MODULE:  .\Drv_UART.obj (DRV_UART)
    ADDRESS: E0A1H

*** WARNING L2: REFERENCE MADE TO UNRESOLVED EXTERNAL
    SYMBOL:  GS_RACCTRL
    MODULE:  .\Drv_UART.obj (DRV_UART)
    ADDRESS: E0B3H

*** WARNING L2: REFERENCE MADE TO UNRESOLVED EXTERNAL
    SYMBOL:  GS_RACCTRL
    MODULE:  .\Drv_UART.obj (DRV_UART)
    ADDRESS: E0B9H

*** WARNING L2: REFERENCE MADE TO UNRESOLVED EXTERNAL
    SYMBOL:  GS_RACCTRL
    MODULE:  .\Drv_UART.obj (DRV_UART)
    ADDRESS: E0D2H

*** WARNING L2: REFERENCE MADE TO UNRESOLVED EXTERNAL
    SYMBOL:  GS_RACCTRL
    MODULE:  .\Drv_UART.obj (DRV_UART)
    ADDRESS: E0D9H

*** WARNING L2: REFERENCE MADE TO UNRESOLVED EXTERNAL
    SYMBOL:  GS_RACCTRL
    MODULE:  .\Drv_UART.obj (DRV_UART)
    ADDRESS: E0DFH

*** WARNING L2: REFERENCE MADE TO UNRESOLVED EXTERNAL
    SYMBOL:  GS_RACCTRL
BL51 BANKED LINKER/LOCATER V6.22                                                      03/11/2019  10:41:19  PAGE 184


    MODULE:  .\Drv_UART.obj (DRV_UART)
    ADDRESS: E0E9H

*** WARNING L1: UNRESOLVED EXTERNAL SYMBOL
    SYMBOL:  RX_MODE
    MODULE:  .\Api_User_Comm.obj (API_USER_COMM)

*** WARNING L1: UNRESOLVED EXTERNAL SYMBOL
    SYMBOL:  SX127X_INIT
    MODULE:  .\Api_User_Comm.obj (API_USER_COMM)

*** WARNING L1: UNRESOLVED EXTERNAL SYMBOL
    SYMBOL:  _LSD_RF_RXPACKET
    MODULE:  .\Api_User_Comm.obj (API_USER_COMM)

*** WARNING L1: UNRESOLVED EXTERNAL SYMBOL
    SYMBOL:  G_LORACONFIG
    MODULE:  .\Api_User_Comm.obj (API_USER_COMM)

*** WARNING L2: REFERENCE MADE TO UNRESOLVED EXTERNAL
    SYMBOL:  SX127X_INIT
    MODULE:  .\Api_User_Comm.obj (API_USER_COMM)
    ADDRESS: D9DDH

*** WARNING L2: REFERENCE MADE TO UNRESOLVED EXTERNAL
    SYMBOL:  RX_MODE
    MODULE:  .\Api_User_Comm.obj (API_USER_COMM)
    ADDRESS: D9E0H

*** WARNING L2: REFERENCE MADE TO UNRESOLVED EXTERNAL
    SYMBOL:  _LSD_RF_RXPACKET
    MODULE:  .\Api_User_Comm.obj (API_USER_COMM)
    ADDRESS: E583H

*** WARNING L2: REFERENCE MADE TO UNRESOLVED EXTERNAL
    SYMBOL:  G_LORACONFIG
    MODULE:  .\Api_User_Comm.obj (API_USER_COMM)
    ADDRESS: E5A1H

Program Size: data=19.6 xdata=2054 code=61600
LINK/LOCATE RUN COMPLETE.  66 WARNING(S),  0 ERROR(S)
